C:\dev\iso9001_mvp\.venv\Scripts\python.exe : Creating test database for alias 
'default'...
En línea: 1 Carácter: 1
+ C:\dev\iso9001_mvp\.venv\Scripts\python.exe manage.py test 2>&1 | Tee ...
+ ~~~~~~~~~~~~~~~~~~~~~~~~~~~~~~~~~~~~~~~~~~~~~~~~~~~~~~~~~~~~~~~
    + CategoryInfo          : NotSpecified: (Creating test d...as 'default'... 
   :String) [], RemoteException
    + FullyQualifiedErrorId : NativeCommandError
 

..C:\dev\iso9001_mvp\.venv\lib\site-packages\django\core\handlers\base.py:61: 
UserWarning: No directory at: C:\dev\iso9001_mvp\staticfiles\
  mw_instance = middleware(adapted_handler)
.E..............................E.......................E.E.......E..E.........
...EEEEF.......EE.F.....E............EEEEE.......E.......EE.E...EEEEEEEEE..E...
.......
======================================================================
ERROR: test_checklist_shows_active_questions 
(apps.core.tests.AuditQuestionViewsTests)
----------------------------------------------------------------------
Traceback (most recent call last):
  File "C:\dev\iso9001_mvp\apps\core\tests.py", line 2122, in 
test_checklist_shows_active_questions
    response = self.client.get(reverse("core:audit_checklist", 
args=[audit.pk]))
  File "C:\dev\iso9001_mvp\.venv\lib\site-packages\django\test\client.py", 
line 1124, in get
    response = super().get(
  File "C:\dev\iso9001_mvp\.venv\lib\site-packages\django\test\client.py", 
line 475, in get
    return self.generic(
  File "C:\dev\iso9001_mvp\.venv\lib\site-packages\django\test\client.py", 
line 671, in generic
    return self.request(**r)
  File "C:\dev\iso9001_mvp\.venv\lib\site-packages\django\test\client.py", 
line 1087, in request
    self.check_exception(response)
  File "C:\dev\iso9001_mvp\.venv\lib\site-packages\django\test\client.py", 
line 802, in check_exception
    raise exc_value
  File "C:\dev\iso9001_mvp\.venv\lib\site-packages\django\core\handlers\excepti
on.py", line 55, in inner
    response = get_response(request)
  File 
"C:\dev\iso9001_mvp\.venv\lib\site-packages\django\core\handlers\base.py", 
line 197, in _get_response
    response = wrapped_callback(request, *callback_args, **callback_kwargs)
  File "C:\dev\iso9001_mvp\.venv\lib\site-packages\django\contrib\auth\decorato
rs.py", line 59, in _view_wrapper
    return view_func(request, *args, **kwargs)
  File "C:\dev\iso9001_mvp\apps\core\views.py", line 1888, in audit_checklist
    return render(
  File "C:\dev\iso9001_mvp\.venv\lib\site-packages\django\shortcuts.py", line 
25, in render
    content = loader.render_to_string(template_name, context, request, 
using=using)
  File "C:\dev\iso9001_mvp\.venv\lib\site-packages\django\template\loader.py", 
line 62, in render_to_string
    return template.render(context, request)
  File "C:\dev\iso9001_mvp\.venv\lib\site-packages\django\template\backends\dja
ngo.py", line 107, in render
    return self.template.render(context)
  File "C:\dev\iso9001_mvp\.venv\lib\site-packages\django\template\base.py", 
line 172, in render
    return self._render(context)
  File "C:\dev\iso9001_mvp\.venv\lib\site-packages\django\test\utils.py", line 
114, in instrumented_test_render
    return self.nodelist.render(context)
  File "C:\dev\iso9001_mvp\.venv\lib\site-packages\django\template\base.py", 
line 1018, in render
    return SafeString("".join([node.render_annotated(context) for node in 
self]))
  File "C:\dev\iso9001_mvp\.venv\lib\site-packages\django\template\base.py", 
line 1018, in <listcomp>
    return SafeString("".join([node.render_annotated(context) for node in 
self]))
  File "C:\dev\iso9001_mvp\.venv\lib\site-packages\django\template\base.py", 
line 979, in render_annotated
    return self.render(context)
  File 
"C:\dev\iso9001_mvp\.venv\lib\site-packages\django\template\loader_tags.py", 
line 159, in render
    return compiled_parent._render(context)
  File "C:\dev\iso9001_mvp\.venv\lib\site-packages\django\test\utils.py", line 
114, in instrumented_test_render
    return self.nodelist.render(context)
  File "C:\dev\iso9001_mvp\.venv\lib\site-packages\django\template\base.py", 
line 1018, in render
    return SafeString("".join([node.render_annotated(context) for node in 
self]))
  File "C:\dev\iso9001_mvp\.venv\lib\site-packages\django\template\base.py", 
line 1018, in <listcomp>
    return SafeString("".join([node.render_annotated(context) for node in 
self]))
  File "C:\dev\iso9001_mvp\.venv\lib\site-packages\django\template\base.py", 
line 979, in render_annotated
    return self.render(context)
  File 
"C:\dev\iso9001_mvp\.venv\lib\site-packages\django\template\defaulttags.py", 
line 480, in render
    url = reverse(view_name, args=args, kwargs=kwargs, current_app=current_app)
  File "C:\dev\iso9001_mvp\.venv\lib\site-packages\django\urls\base.py", line 
98, in reverse
    resolved_url = resolver._reverse_with_prefix(view, prefix, *args, **kwargs)
  File "C:\dev\iso9001_mvp\.venv\lib\site-packages\django\urls\resolvers.py", 
line 831, in _reverse_with_prefix
    raise NoReverseMatch(msg)
django.urls.exceptions.NoReverseMatch: Reverse for 'review_list' not found. 
'review_list' is not a valid view function or pattern name.

======================================================================
ERROR: test_qms_scope_rendered_in_context_detail 
(apps.core.tests.ContextScopeTests)
----------------------------------------------------------------------
Traceback (most recent call last):
  File "C:\dev\iso9001_mvp\apps\core\tests.py", line 3550, in 
test_qms_scope_rendered_in_context_detail
    response = self.client.get(reverse("core:context_detail"))
  File "C:\dev\iso9001_mvp\.venv\lib\site-packages\django\test\client.py", 
line 1124, in get
    response = super().get(
  File "C:\dev\iso9001_mvp\.venv\lib\site-packages\django\test\client.py", 
line 475, in get
    return self.generic(
  File "C:\dev\iso9001_mvp\.venv\lib\site-packages\django\test\client.py", 
line 671, in generic
    return self.request(**r)
  File "C:\dev\iso9001_mvp\.venv\lib\site-packages\django\test\client.py", 
line 1087, in request
    self.check_exception(response)
  File "C:\dev\iso9001_mvp\.venv\lib\site-packages\django\test\client.py", 
line 802, in check_exception
    raise exc_value
  File "C:\dev\iso9001_mvp\.venv\lib\site-packages\django\core\handlers\excepti
on.py", line 55, in inner
    response = get_response(request)
  File 
"C:\dev\iso9001_mvp\.venv\lib\site-packages\django\core\handlers\base.py", 
line 197, in _get_response
    response = wrapped_callback(request, *callback_args, **callback_kwargs)
  File "C:\dev\iso9001_mvp\.venv\lib\site-packages\django\contrib\auth\decorato
rs.py", line 59, in _view_wrapper
    return view_func(request, *args, **kwargs)
  File "C:\dev\iso9001_mvp\apps\core\views.py", line 107, in context_detail
    return render(
  File "C:\dev\iso9001_mvp\.venv\lib\site-packages\django\shortcuts.py", line 
25, in render
    content = loader.render_to_string(template_name, context, request, 
using=using)
  File "C:\dev\iso9001_mvp\.venv\lib\site-packages\django\template\loader.py", 
line 62, in render_to_string
    return template.render(context, request)
  File "C:\dev\iso9001_mvp\.venv\lib\site-packages\django\template\backends\dja
ngo.py", line 107, in render
    return self.template.render(context)
  File "C:\dev\iso9001_mvp\.venv\lib\site-packages\django\template\base.py", 
line 172, in render
    return self._render(context)
  File "C:\dev\iso9001_mvp\.venv\lib\site-packages\django\test\utils.py", line 
114, in instrumented_test_render
    return self.nodelist.render(context)
  File "C:\dev\iso9001_mvp\.venv\lib\site-packages\django\template\base.py", 
line 1018, in render
    return SafeString("".join([node.render_annotated(context) for node in 
self]))
  File "C:\dev\iso9001_mvp\.venv\lib\site-packages\django\template\base.py", 
line 1018, in <listcomp>
    return SafeString("".join([node.render_annotated(context) for node in 
self]))
  File "C:\dev\iso9001_mvp\.venv\lib\site-packages\django\template\base.py", 
line 979, in render_annotated
    return self.render(context)
  File 
"C:\dev\iso9001_mvp\.venv\lib\site-packages\django\template\loader_tags.py", 
line 159, in render
    return compiled_parent._render(context)
  File "C:\dev\iso9001_mvp\.venv\lib\site-packages\django\test\utils.py", line 
114, in instrumented_test_render
    return self.nodelist.render(context)
  File "C:\dev\iso9001_mvp\.venv\lib\site-packages\django\template\base.py", 
line 1018, in render
    return SafeString("".join([node.render_annotated(context) for node in 
self]))
  File "C:\dev\iso9001_mvp\.venv\lib\site-packages\django\template\base.py", 
line 1018, in <listcomp>
    return SafeString("".join([node.render_annotated(context) for node in 
self]))
  File "C:\dev\iso9001_mvp\.venv\lib\site-packages\django\template\base.py", 
line 979, in render_annotated
    return self.render(context)
  File 
"C:\dev\iso9001_mvp\.venv\lib\site-packages\django\template\defaulttags.py", 
line 480, in render
    url = reverse(view_name, args=args, kwargs=kwargs, current_app=current_app)
  File "C:\dev\iso9001_mvp\.venv\lib\site-packages\django\urls\base.py", line 
98, in reverse
    resolved_url = resolver._reverse_with_prefix(view, prefix, *args, **kwargs)
  File "C:\dev\iso9001_mvp\.venv\lib\site-packages\django\urls\resolvers.py", 
line 831, in _reverse_with_prefix
    raise NoReverseMatch(msg)
django.urls.exceptions.NoReverseMatch: Reverse for 'review_list' not found. 
'review_list' is not a valid view function or pattern name.

======================================================================
ERROR: test_dashboard_contains_summary_block (apps.core.tests.DashboardTests)
Dashboard home contains executive summary block.
----------------------------------------------------------------------
Traceback (most recent call last):
  File "C:\dev\iso9001_mvp\apps\core\tests.py", line 3011, in 
test_dashboard_contains_summary_block
    response = self.client.get(reverse("core:dashboard_home"))
  File "C:\dev\iso9001_mvp\.venv\lib\site-packages\django\test\client.py", 
line 1124, in get
    response = super().get(
  File "C:\dev\iso9001_mvp\.venv\lib\site-packages\django\test\client.py", 
line 475, in get
    return self.generic(
  File "C:\dev\iso9001_mvp\.venv\lib\site-packages\django\test\client.py", 
line 671, in generic
    return self.request(**r)
  File "C:\dev\iso9001_mvp\.venv\lib\site-packages\django\test\client.py", 
line 1087, in request
    self.check_exception(response)
  File "C:\dev\iso9001_mvp\.venv\lib\site-packages\django\test\client.py", 
line 802, in check_exception
    raise exc_value
  File "C:\dev\iso9001_mvp\.venv\lib\site-packages\django\core\handlers\excepti
on.py", line 55, in inner
    response = get_response(request)
  File 
"C:\dev\iso9001_mvp\.venv\lib\site-packages\django\core\handlers\base.py", 
line 197, in _get_response
    response = wrapped_callback(request, *callback_args, **callback_kwargs)
  File "C:\dev\iso9001_mvp\.venv\lib\site-packages\django\contrib\auth\decorato
rs.py", line 59, in _view_wrapper
    return view_func(request, *args, **kwargs)
  File "C:\dev\iso9001_mvp\apps\core\views.py", line 2916, in dashboard_home
    return render(request, "dashboard/dashboard.html", context)
  File "C:\dev\iso9001_mvp\.venv\lib\site-packages\django\shortcuts.py", line 
25, in render
    content = loader.render_to_string(template_name, context, request, 
using=using)
  File "C:\dev\iso9001_mvp\.venv\lib\site-packages\django\template\loader.py", 
line 62, in render_to_string
    return template.render(context, request)
  File "C:\dev\iso9001_mvp\.venv\lib\site-packages\django\template\backends\dja
ngo.py", line 107, in render
    return self.template.render(context)
  File "C:\dev\iso9001_mvp\.venv\lib\site-packages\django\template\base.py", 
line 172, in render
    return self._render(context)
  File "C:\dev\iso9001_mvp\.venv\lib\site-packages\django\test\utils.py", line 
114, in instrumented_test_render
    return self.nodelist.render(context)
  File "C:\dev\iso9001_mvp\.venv\lib\site-packages\django\template\base.py", 
line 1018, in render
    return SafeString("".join([node.render_annotated(context) for node in 
self]))
  File "C:\dev\iso9001_mvp\.venv\lib\site-packages\django\template\base.py", 
line 1018, in <listcomp>
    return SafeString("".join([node.render_annotated(context) for node in 
self]))
  File "C:\dev\iso9001_mvp\.venv\lib\site-packages\django\template\base.py", 
line 979, in render_annotated
    return self.render(context)
  File 
"C:\dev\iso9001_mvp\.venv\lib\site-packages\django\template\loader_tags.py", 
line 159, in render
    return compiled_parent._render(context)
  File "C:\dev\iso9001_mvp\.venv\lib\site-packages\django\test\utils.py", line 
114, in instrumented_test_render
    return self.nodelist.render(context)
  File "C:\dev\iso9001_mvp\.venv\lib\site-packages\django\template\base.py", 
line 1018, in render
    return SafeString("".join([node.render_annotated(context) for node in 
self]))
  File "C:\dev\iso9001_mvp\.venv\lib\site-packages\django\template\base.py", 
line 1018, in <listcomp>
    return SafeString("".join([node.render_annotated(context) for node in 
self]))
  File "C:\dev\iso9001_mvp\.venv\lib\site-packages\django\template\base.py", 
line 979, in render_annotated
    return self.render(context)
  File 
"C:\dev\iso9001_mvp\.venv\lib\site-packages\django\template\defaulttags.py", 
line 480, in render
    url = reverse(view_name, args=args, kwargs=kwargs, current_app=current_app)
  File "C:\dev\iso9001_mvp\.venv\lib\site-packages\django\urls\base.py", line 
98, in reverse
    resolved_url = resolver._reverse_with_prefix(view, prefix, *args, **kwargs)
  File "C:\dev\iso9001_mvp\.venv\lib\site-packages\django\urls\resolvers.py", 
line 831, in _reverse_with_prefix
    raise NoReverseMatch(msg)
django.urls.exceptions.NoReverseMatch: Reverse for 'review_list' not found. 
'review_list' is not a valid view function or pattern name.

======================================================================
ERROR: test_dashboard_home_responds_200 (apps.core.tests.DashboardTests)
Dashboard home responds 200 when authenticated.
----------------------------------------------------------------------
Traceback (most recent call last):
  File "C:\dev\iso9001_mvp\apps\core\tests.py", line 2843, in 
test_dashboard_home_responds_200
    response = self.client.get(reverse("core:dashboard_home"))
  File "C:\dev\iso9001_mvp\.venv\lib\site-packages\django\test\client.py", 
line 1124, in get
    response = super().get(
  File "C:\dev\iso9001_mvp\.venv\lib\site-packages\django\test\client.py", 
line 475, in get
    return self.generic(
  File "C:\dev\iso9001_mvp\.venv\lib\site-packages\django\test\client.py", 
line 671, in generic
    return self.request(**r)
  File "C:\dev\iso9001_mvp\.venv\lib\site-packages\django\test\client.py", 
line 1087, in request
    self.check_exception(response)
  File "C:\dev\iso9001_mvp\.venv\lib\site-packages\django\test\client.py", 
line 802, in check_exception
    raise exc_value
  File "C:\dev\iso9001_mvp\.venv\lib\site-packages\django\core\handlers\excepti
on.py", line 55, in inner
    response = get_response(request)
  File 
"C:\dev\iso9001_mvp\.venv\lib\site-packages\django\core\handlers\base.py", 
line 197, in _get_response
    response = wrapped_callback(request, *callback_args, **callback_kwargs)
  File "C:\dev\iso9001_mvp\.venv\lib\site-packages\django\contrib\auth\decorato
rs.py", line 59, in _view_wrapper
    return view_func(request, *args, **kwargs)
  File "C:\dev\iso9001_mvp\apps\core\views.py", line 2916, in dashboard_home
    return render(request, "dashboard/dashboard.html", context)
  File "C:\dev\iso9001_mvp\.venv\lib\site-packages\django\shortcuts.py", line 
25, in render
    content = loader.render_to_string(template_name, context, request, 
using=using)
  File "C:\dev\iso9001_mvp\.venv\lib\site-packages\django\template\loader.py", 
line 62, in render_to_string
    return template.render(context, request)
  File "C:\dev\iso9001_mvp\.venv\lib\site-packages\django\template\backends\dja
ngo.py", line 107, in render
    return self.template.render(context)
  File "C:\dev\iso9001_mvp\.venv\lib\site-packages\django\template\base.py", 
line 172, in render
    return self._render(context)
  File "C:\dev\iso9001_mvp\.venv\lib\site-packages\django\test\utils.py", line 
114, in instrumented_test_render
    return self.nodelist.render(context)
  File "C:\dev\iso9001_mvp\.venv\lib\site-packages\django\template\base.py", 
line 1018, in render
    return SafeString("".join([node.render_annotated(context) for node in 
self]))
  File "C:\dev\iso9001_mvp\.venv\lib\site-packages\django\template\base.py", 
line 1018, in <listcomp>
    return SafeString("".join([node.render_annotated(context) for node in 
self]))
  File "C:\dev\iso9001_mvp\.venv\lib\site-packages\django\template\base.py", 
line 979, in render_annotated
    return self.render(context)
  File 
"C:\dev\iso9001_mvp\.venv\lib\site-packages\django\template\loader_tags.py", 
line 159, in render
    return compiled_parent._render(context)
  File "C:\dev\iso9001_mvp\.venv\lib\site-packages\django\test\utils.py", line 
114, in instrumented_test_render
    return self.nodelist.render(context)
  File "C:\dev\iso9001_mvp\.venv\lib\site-packages\django\template\base.py", 
line 1018, in render
    return SafeString("".join([node.render_annotated(context) for node in 
self]))
  File "C:\dev\iso9001_mvp\.venv\lib\site-packages\django\template\base.py", 
line 1018, in <listcomp>
    return SafeString("".join([node.render_annotated(context) for node in 
self]))
  File "C:\dev\iso9001_mvp\.venv\lib\site-packages\django\template\base.py", 
line 979, in render_annotated
    return self.render(context)
  File 
"C:\dev\iso9001_mvp\.venv\lib\site-packages\django\template\defaulttags.py", 
line 480, in render
    url = reverse(view_name, args=args, kwargs=kwargs, current_app=current_app)
  File "C:\dev\iso9001_mvp\.venv\lib\site-packages\django\urls\base.py", line 
98, in reverse
    resolved_url = resolver._reverse_with_prefix(view, prefix, *args, **kwargs)
  File "C:\dev\iso9001_mvp\.venv\lib\site-packages\django\urls\resolvers.py", 
line 831, in _reverse_with_prefix
    raise NoReverseMatch(msg)
django.urls.exceptions.NoReverseMatch: Reverse for 'review_list' not found. 
'review_list' is not a valid view function or pattern name.

======================================================================
ERROR: test_nc_list_without_hx_request_returns_full_page 
(apps.core.tests.HtmxProgressiveTests)
NC list should return full page when HX-Request header is absent.
----------------------------------------------------------------------
Traceback (most recent call last):
  File "C:\dev\iso9001_mvp\apps\core\tests.py", line 3175, in 
test_nc_list_without_hx_request_returns_full_page
    response = self.client.get(reverse("core:nc_list"))
  File "C:\dev\iso9001_mvp\.venv\lib\site-packages\django\test\client.py", 
line 1124, in get
    response = super().get(
  File "C:\dev\iso9001_mvp\.venv\lib\site-packages\django\test\client.py", 
line 475, in get
    return self.generic(
  File "C:\dev\iso9001_mvp\.venv\lib\site-packages\django\test\client.py", 
line 671, in generic
    return self.request(**r)
  File "C:\dev\iso9001_mvp\.venv\lib\site-packages\django\test\client.py", 
line 1087, in request
    self.check_exception(response)
  File "C:\dev\iso9001_mvp\.venv\lib\site-packages\django\test\client.py", 
line 802, in check_exception
    raise exc_value
  File "C:\dev\iso9001_mvp\.venv\lib\site-packages\django\core\handlers\excepti
on.py", line 55, in inner
    response = get_response(request)
  File 
"C:\dev\iso9001_mvp\.venv\lib\site-packages\django\core\handlers\base.py", 
line 197, in _get_response
    response = wrapped_callback(request, *callback_args, **callback_kwargs)
  File "C:\dev\iso9001_mvp\.venv\lib\site-packages\django\contrib\auth\decorato
rs.py", line 59, in _view_wrapper
    return view_func(request, *args, **kwargs)
  File "C:\dev\iso9001_mvp\apps\core\views.py", line 761, in nc_list
    return render(
  File "C:\dev\iso9001_mvp\.venv\lib\site-packages\django\shortcuts.py", line 
25, in render
    content = loader.render_to_string(template_name, context, request, 
using=using)
  File "C:\dev\iso9001_mvp\.venv\lib\site-packages\django\template\loader.py", 
line 62, in render_to_string
    return template.render(context, request)
  File "C:\dev\iso9001_mvp\.venv\lib\site-packages\django\template\backends\dja
ngo.py", line 107, in render
    return self.template.render(context)
  File "C:\dev\iso9001_mvp\.venv\lib\site-packages\django\template\base.py", 
line 172, in render
    return self._render(context)
  File "C:\dev\iso9001_mvp\.venv\lib\site-packages\django\test\utils.py", line 
114, in instrumented_test_render
    return self.nodelist.render(context)
  File "C:\dev\iso9001_mvp\.venv\lib\site-packages\django\template\base.py", 
line 1018, in render
    return SafeString("".join([node.render_annotated(context) for node in 
self]))
  File "C:\dev\iso9001_mvp\.venv\lib\site-packages\django\template\base.py", 
line 1018, in <listcomp>
    return SafeString("".join([node.render_annotated(context) for node in 
self]))
  File "C:\dev\iso9001_mvp\.venv\lib\site-packages\django\template\base.py", 
line 979, in render_annotated
    return self.render(context)
  File 
"C:\dev\iso9001_mvp\.venv\lib\site-packages\django\template\loader_tags.py", 
line 159, in render
    return compiled_parent._render(context)
  File "C:\dev\iso9001_mvp\.venv\lib\site-packages\django\test\utils.py", line 
114, in instrumented_test_render
    return self.nodelist.render(context)
  File "C:\dev\iso9001_mvp\.venv\lib\site-packages\django\template\base.py", 
line 1018, in render
    return SafeString("".join([node.render_annotated(context) for node in 
self]))
  File "C:\dev\iso9001_mvp\.venv\lib\site-packages\django\template\base.py", 
line 1018, in <listcomp>
    return SafeString("".join([node.render_annotated(context) for node in 
self]))
  File "C:\dev\iso9001_mvp\.venv\lib\site-packages\django\template\base.py", 
line 979, in render_annotated
    return self.render(context)
  File 
"C:\dev\iso9001_mvp\.venv\lib\site-packages\django\template\defaulttags.py", 
line 480, in render
    url = reverse(view_name, args=args, kwargs=kwargs, current_app=current_app)
  File "C:\dev\iso9001_mvp\.venv\lib\site-packages\django\urls\base.py", line 
98, in reverse
    resolved_url = resolver._reverse_with_prefix(view, prefix, *args, **kwargs)
  File "C:\dev\iso9001_mvp\.venv\lib\site-packages\django\urls\resolvers.py", 
line 831, in _reverse_with_prefix
    raise NoReverseMatch(msg)
django.urls.exceptions.NoReverseMatch: Reverse for 'review_list' not found. 
'review_list' is not a valid view function or pattern name.

======================================================================
ERROR: test_indicator_list_renders (apps.core.tests.IndicatorTests)
Verifica que la lista de indicadores se renderiza correctamente.
----------------------------------------------------------------------
Traceback (most recent call last):
  File "C:\dev\iso9001_mvp\apps\core\tests.py", line 2343, in 
test_indicator_list_renders
    response = self.client.get(reverse("core:indicator_list"))
  File "C:\dev\iso9001_mvp\.venv\lib\site-packages\django\test\client.py", 
line 1124, in get
    response = super().get(
  File "C:\dev\iso9001_mvp\.venv\lib\site-packages\django\test\client.py", 
line 475, in get
    return self.generic(
  File "C:\dev\iso9001_mvp\.venv\lib\site-packages\django\test\client.py", 
line 671, in generic
    return self.request(**r)
  File "C:\dev\iso9001_mvp\.venv\lib\site-packages\django\test\client.py", 
line 1087, in request
    self.check_exception(response)
  File "C:\dev\iso9001_mvp\.venv\lib\site-packages\django\test\client.py", 
line 802, in check_exception
    raise exc_value
  File "C:\dev\iso9001_mvp\.venv\lib\site-packages\django\core\handlers\excepti
on.py", line 55, in inner
    response = get_response(request)
  File 
"C:\dev\iso9001_mvp\.venv\lib\site-packages\django\core\handlers\base.py", 
line 197, in _get_response
    response = wrapped_callback(request, *callback_args, **callback_kwargs)
  File "C:\dev\iso9001_mvp\.venv\lib\site-packages\django\contrib\auth\decorato
rs.py", line 59, in _view_wrapper
    return view_func(request, *args, **kwargs)
  File "C:\dev\iso9001_mvp\apps\core\views.py", line 2262, in indicator_list
    return render(
  File "C:\dev\iso9001_mvp\.venv\lib\site-packages\django\shortcuts.py", line 
25, in render
    content = loader.render_to_string(template_name, context, request, 
using=using)
  File "C:\dev\iso9001_mvp\.venv\lib\site-packages\django\template\loader.py", 
line 62, in render_to_string
    return template.render(context, request)
  File "C:\dev\iso9001_mvp\.venv\lib\site-packages\django\template\backends\dja
ngo.py", line 107, in render
    return self.template.render(context)
  File "C:\dev\iso9001_mvp\.venv\lib\site-packages\django\template\base.py", 
line 172, in render
    return self._render(context)
  File "C:\dev\iso9001_mvp\.venv\lib\site-packages\django\test\utils.py", line 
114, in instrumented_test_render
    return self.nodelist.render(context)
  File "C:\dev\iso9001_mvp\.venv\lib\site-packages\django\template\base.py", 
line 1018, in render
    return SafeString("".join([node.render_annotated(context) for node in 
self]))
  File "C:\dev\iso9001_mvp\.venv\lib\site-packages\django\template\base.py", 
line 1018, in <listcomp>
    return SafeString("".join([node.render_annotated(context) for node in 
self]))
  File "C:\dev\iso9001_mvp\.venv\lib\site-packages\django\template\base.py", 
line 979, in render_annotated
    return self.render(context)
  File 
"C:\dev\iso9001_mvp\.venv\lib\site-packages\django\template\loader_tags.py", 
line 159, in render
    return compiled_parent._render(context)
  File "C:\dev\iso9001_mvp\.venv\lib\site-packages\django\test\utils.py", line 
114, in instrumented_test_render
    return self.nodelist.render(context)
  File "C:\dev\iso9001_mvp\.venv\lib\site-packages\django\template\base.py", 
line 1018, in render
    return SafeString("".join([node.render_annotated(context) for node in 
self]))
  File "C:\dev\iso9001_mvp\.venv\lib\site-packages\django\template\base.py", 
line 1018, in <listcomp>
    return SafeString("".join([node.render_annotated(context) for node in 
self]))
  File "C:\dev\iso9001_mvp\.venv\lib\site-packages\django\template\base.py", 
line 979, in render_annotated
    return self.render(context)
  File 
"C:\dev\iso9001_mvp\.venv\lib\site-packages\django\template\defaulttags.py", 
line 480, in render
    url = reverse(view_name, args=args, kwargs=kwargs, current_app=current_app)
  File "C:\dev\iso9001_mvp\.venv\lib\site-packages\django\urls\base.py", line 
98, in reverse
    resolved_url = resolver._reverse_with_prefix(view, prefix, *args, **kwargs)
  File "C:\dev\iso9001_mvp\.venv\lib\site-packages\django\urls\resolvers.py", 
line 831, in _reverse_with_prefix
    raise NoReverseMatch(msg)
django.urls.exceptions.NoReverseMatch: Reverse for 'review_list' not found. 
'review_list' is not a valid view function or pattern name.

======================================================================
ERROR: test_create_review_generates_audit_event 
(apps.core.tests.ManagementReviewTests)
Verifica que crear una revisi¾n genera un AuditEvent.
----------------------------------------------------------------------
Traceback (most recent call last):
  File "C:\dev\iso9001_mvp\apps\core\tests.py", line 2169, in 
test_create_review_generates_audit_event
    response = self.client.post(reverse("core:review_new"), review_data)
  File "C:\dev\iso9001_mvp\.venv\lib\site-packages\django\urls\base.py", line 
98, in reverse
    resolved_url = resolver._reverse_with_prefix(view, prefix, *args, **kwargs)
  File "C:\dev\iso9001_mvp\.venv\lib\site-packages\django\urls\resolvers.py", 
line 831, in _reverse_with_prefix
    raise NoReverseMatch(msg)
django.urls.exceptions.NoReverseMatch: Reverse for 'review_new' not found. 
'review_new' is not a valid view function or pattern name.

======================================================================
ERROR: test_non_admin_cannot_create_review 
(apps.core.tests.ManagementReviewTests)
Verifica que usuarios sin permisos no pueden crear revisiones.
----------------------------------------------------------------------
Traceback (most recent call last):
  File "C:\dev\iso9001_mvp\apps\core\tests.py", line 2191, in 
test_non_admin_cannot_create_review
    response = self.client.post(reverse("core:review_new"), review_data)
  File "C:\dev\iso9001_mvp\.venv\lib\site-packages\django\urls\base.py", line 
98, in reverse
    resolved_url = resolver._reverse_with_prefix(view, prefix, *args, **kwargs)
  File "C:\dev\iso9001_mvp\.venv\lib\site-packages\django\urls\resolvers.py", 
line 831, in _reverse_with_prefix
    raise NoReverseMatch(msg)
django.urls.exceptions.NoReverseMatch: Reverse for 'review_new' not found. 
'review_new' is not a valid view function or pattern name.

======================================================================
ERROR: test_review_detail_renders (apps.core.tests.ManagementReviewTests)
Verifica que el detalle de revisi¾n se renderiza correctamente.
----------------------------------------------------------------------
Traceback (most recent call last):
  File "C:\dev\iso9001_mvp\apps\core\tests.py", line 2223, in 
test_review_detail_renders
    response = self.client.get(reverse("core:review_detail", args=[review.pk]))
  File "C:\dev\iso9001_mvp\.venv\lib\site-packages\django\urls\base.py", line 
98, in reverse
    resolved_url = resolver._reverse_with_prefix(view, prefix, *args, **kwargs)
  File "C:\dev\iso9001_mvp\.venv\lib\site-packages\django\urls\resolvers.py", 
line 831, in _reverse_with_prefix
    raise NoReverseMatch(msg)
django.urls.exceptions.NoReverseMatch: Reverse for 'review_detail' not found. 
'review_detail' is not a valid view function or pattern name.

======================================================================
ERROR: test_review_list_renders (apps.core.tests.ManagementReviewTests)
Verifica que la lista de revisiones se renderiza correctamente.
----------------------------------------------------------------------
Traceback (most recent call last):
  File "C:\dev\iso9001_mvp\apps\core\tests.py", line 2206, in 
test_review_list_renders
    response = self.client.get(reverse("core:review_list"))
  File "C:\dev\iso9001_mvp\.venv\lib\site-packages\django\urls\base.py", line 
98, in reverse
    resolved_url = resolver._reverse_with_prefix(view, prefix, *args, **kwargs)
  File "C:\dev\iso9001_mvp\.venv\lib\site-packages\django\urls\resolvers.py", 
line 831, in _reverse_with_prefix
    raise NoReverseMatch(msg)
django.urls.exceptions.NoReverseMatch: Reverse for 'review_list' not found. 
'review_list' is not a valid view function or pattern name.

======================================================================
ERROR: test_nc_detail_renders (apps.core.tests.NoConformityTests)
Verifica que el detalle de NC se renderiza correctamente.
----------------------------------------------------------------------
Traceback (most recent call last):
  File "C:\dev\iso9001_mvp\apps\core\tests.py", line 744, in 
test_nc_detail_renders
    response = self.client.get(reverse("core:nc_detail", args=[nc.pk]))
  File "C:\dev\iso9001_mvp\.venv\lib\site-packages\django\test\client.py", 
line 1124, in get
    response = super().get(
  File "C:\dev\iso9001_mvp\.venv\lib\site-packages\django\test\client.py", 
line 475, in get
    return self.generic(
  File "C:\dev\iso9001_mvp\.venv\lib\site-packages\django\test\client.py", 
line 671, in generic
    return self.request(**r)
  File "C:\dev\iso9001_mvp\.venv\lib\site-packages\django\test\client.py", 
line 1087, in request
    self.check_exception(response)
  File "C:\dev\iso9001_mvp\.venv\lib\site-packages\django\test\client.py", 
line 802, in check_exception
    raise exc_value
  File "C:\dev\iso9001_mvp\.venv\lib\site-packages\django\core\handlers\excepti
on.py", line 55, in inner
    response = get_response(request)
  File 
"C:\dev\iso9001_mvp\.venv\lib\site-packages\django\core\handlers\base.py", 
line 197, in _get_response
    response = wrapped_callback(request, *callback_args, **callback_kwargs)
  File "C:\dev\iso9001_mvp\.venv\lib\site-packages\django\contrib\auth\decorato
rs.py", line 59, in _view_wrapper
    return view_func(request, *args, **kwargs)
  File "C:\dev\iso9001_mvp\apps\core\views.py", line 787, in nc_detail
    return render(
  File "C:\dev\iso9001_mvp\.venv\lib\site-packages\django\shortcuts.py", line 
25, in render
    content = loader.render_to_string(template_name, context, request, 
using=using)
  File "C:\dev\iso9001_mvp\.venv\lib\site-packages\django\template\loader.py", 
line 62, in render_to_string
    return template.render(context, request)
  File "C:\dev\iso9001_mvp\.venv\lib\site-packages\django\template\backends\dja
ngo.py", line 107, in render
    return self.template.render(context)
  File "C:\dev\iso9001_mvp\.venv\lib\site-packages\django\template\base.py", 
line 172, in render
    return self._render(context)
  File "C:\dev\iso9001_mvp\.venv\lib\site-packages\django\test\utils.py", line 
114, in instrumented_test_render
    return self.nodelist.render(context)
  File "C:\dev\iso9001_mvp\.venv\lib\site-packages\django\template\base.py", 
line 1018, in render
    return SafeString("".join([node.render_annotated(context) for node in 
self]))
  File "C:\dev\iso9001_mvp\.venv\lib\site-packages\django\template\base.py", 
line 1018, in <listcomp>
    return SafeString("".join([node.render_annotated(context) for node in 
self]))
  File "C:\dev\iso9001_mvp\.venv\lib\site-packages\django\template\base.py", 
line 979, in render_annotated
    return self.render(context)
  File 
"C:\dev\iso9001_mvp\.venv\lib\site-packages\django\template\loader_tags.py", 
line 159, in render
    return compiled_parent._render(context)
  File "C:\dev\iso9001_mvp\.venv\lib\site-packages\django\test\utils.py", line 
114, in instrumented_test_render
    return self.nodelist.render(context)
  File "C:\dev\iso9001_mvp\.venv\lib\site-packages\django\template\base.py", 
line 1018, in render
    return SafeString("".join([node.render_annotated(context) for node in 
self]))
  File "C:\dev\iso9001_mvp\.venv\lib\site-packages\django\template\base.py", 
line 1018, in <listcomp>
    return SafeString("".join([node.render_annotated(context) for node in 
self]))
  File "C:\dev\iso9001_mvp\.venv\lib\site-packages\django\template\base.py", 
line 979, in render_annotated
    return self.render(context)
  File 
"C:\dev\iso9001_mvp\.venv\lib\site-packages\django\template\defaulttags.py", 
line 480, in render
    url = reverse(view_name, args=args, kwargs=kwargs, current_app=current_app)
  File "C:\dev\iso9001_mvp\.venv\lib\site-packages\django\urls\base.py", line 
98, in reverse
    resolved_url = resolver._reverse_with_prefix(view, prefix, *args, **kwargs)
  File "C:\dev\iso9001_mvp\.venv\lib\site-packages\django\urls\resolvers.py", 
line 831, in _reverse_with_prefix
    raise NoReverseMatch(msg)
django.urls.exceptions.NoReverseMatch: Reverse for 'review_list' not found. 
'review_list' is not a valid view function or pattern name.

======================================================================
ERROR: test_nc_list_renders (apps.core.tests.NoConformityTests)
Verifica que la lista de NCs se renderiza correctamente.
----------------------------------------------------------------------
Traceback (most recent call last):
  File "C:\dev\iso9001_mvp\apps\core\tests.py", line 721, in 
test_nc_list_renders
    response = self.client.get(reverse("core:nc_list"))
  File "C:\dev\iso9001_mvp\.venv\lib\site-packages\django\test\client.py", 
line 1124, in get
    response = super().get(
  File "C:\dev\iso9001_mvp\.venv\lib\site-packages\django\test\client.py", 
line 475, in get
    return self.generic(
  File "C:\dev\iso9001_mvp\.venv\lib\site-packages\django\test\client.py", 
line 671, in generic
    return self.request(**r)
  File "C:\dev\iso9001_mvp\.venv\lib\site-packages\django\test\client.py", 
line 1087, in request
    self.check_exception(response)
  File "C:\dev\iso9001_mvp\.venv\lib\site-packages\django\test\client.py", 
line 802, in check_exception
    raise exc_value
  File "C:\dev\iso9001_mvp\.venv\lib\site-packages\django\core\handlers\excepti
on.py", line 55, in inner
    response = get_response(request)
  File 
"C:\dev\iso9001_mvp\.venv\lib\site-packages\django\core\handlers\base.py", 
line 197, in _get_response
    response = wrapped_callback(request, *callback_args, **callback_kwargs)
  File "C:\dev\iso9001_mvp\.venv\lib\site-packages\django\contrib\auth\decorato
rs.py", line 59, in _view_wrapper
    return view_func(request, *args, **kwargs)
  File "C:\dev\iso9001_mvp\apps\core\views.py", line 761, in nc_list
    return render(
  File "C:\dev\iso9001_mvp\.venv\lib\site-packages\django\shortcuts.py", line 
25, in render
    content = loader.render_to_string(template_name, context, request, 
using=using)
  File "C:\dev\iso9001_mvp\.venv\lib\site-packages\django\template\loader.py", 
line 62, in render_to_string
    return template.render(context, request)
  File "C:\dev\iso9001_mvp\.venv\lib\site-packages\django\template\backends\dja
ngo.py", line 107, in render
    return self.template.render(context)
  File "C:\dev\iso9001_mvp\.venv\lib\site-packages\django\template\base.py", 
line 172, in render
    return self._render(context)
  File "C:\dev\iso9001_mvp\.venv\lib\site-packages\django\test\utils.py", line 
114, in instrumented_test_render
    return self.nodelist.render(context)
  File "C:\dev\iso9001_mvp\.venv\lib\site-packages\django\template\base.py", 
line 1018, in render
    return SafeString("".join([node.render_annotated(context) for node in 
self]))
  File "C:\dev\iso9001_mvp\.venv\lib\site-packages\django\template\base.py", 
line 1018, in <listcomp>
    return SafeString("".join([node.render_annotated(context) for node in 
self]))
  File "C:\dev\iso9001_mvp\.venv\lib\site-packages\django\template\base.py", 
line 979, in render_annotated
    return self.render(context)
  File 
"C:\dev\iso9001_mvp\.venv\lib\site-packages\django\template\loader_tags.py", 
line 159, in render
    return compiled_parent._render(context)
  File "C:\dev\iso9001_mvp\.venv\lib\site-packages\django\test\utils.py", line 
114, in instrumented_test_render
    return self.nodelist.render(context)
  File "C:\dev\iso9001_mvp\.venv\lib\site-packages\django\template\base.py", 
line 1018, in render
    return SafeString("".join([node.render_annotated(context) for node in 
self]))
  File "C:\dev\iso9001_mvp\.venv\lib\site-packages\django\template\base.py", 
line 1018, in <listcomp>
    return SafeString("".join([node.render_annotated(context) for node in 
self]))
  File "C:\dev\iso9001_mvp\.venv\lib\site-packages\django\template\base.py", 
line 979, in render_annotated
    return self.render(context)
  File 
"C:\dev\iso9001_mvp\.venv\lib\site-packages\django\template\defaulttags.py", 
line 480, in render
    url = reverse(view_name, args=args, kwargs=kwargs, current_app=current_app)
  File "C:\dev\iso9001_mvp\.venv\lib\site-packages\django\urls\base.py", line 
98, in reverse
    resolved_url = resolver._reverse_with_prefix(view, prefix, *args, **kwargs)
  File "C:\dev\iso9001_mvp\.venv\lib\site-packages\django\urls\resolvers.py", 
line 831, in _reverse_with_prefix
    raise NoReverseMatch(msg)
django.urls.exceptions.NoReverseMatch: Reverse for 'review_list' not found. 
'review_list' is not a valid view function or pattern name.

======================================================================
ERROR: test_pnc_list_view_renders (apps.core.tests.NonconformingOutputTests)
Verifica que el listado de PNC se renderiza correctamente.
----------------------------------------------------------------------
Traceback (most recent call last):
  File "C:\dev\iso9001_mvp\apps\core\tests.py", line 2566, in 
test_pnc_list_view_renders
    response = self.client.get(reverse("core:nonconforming_output_list"))
  File "C:\dev\iso9001_mvp\.venv\lib\site-packages\django\test\client.py", 
line 1124, in get
    response = super().get(
  File "C:\dev\iso9001_mvp\.venv\lib\site-packages\django\test\client.py", 
line 475, in get
    return self.generic(
  File "C:\dev\iso9001_mvp\.venv\lib\site-packages\django\test\client.py", 
line 671, in generic
    return self.request(**r)
  File "C:\dev\iso9001_mvp\.venv\lib\site-packages\django\test\client.py", 
line 1087, in request
    self.check_exception(response)
  File "C:\dev\iso9001_mvp\.venv\lib\site-packages\django\test\client.py", 
line 802, in check_exception
    raise exc_value
  File "C:\dev\iso9001_mvp\.venv\lib\site-packages\django\core\handlers\excepti
on.py", line 55, in inner
    response = get_response(request)
  File 
"C:\dev\iso9001_mvp\.venv\lib\site-packages\django\core\handlers\base.py", 
line 197, in _get_response
    response = wrapped_callback(request, *callback_args, **callback_kwargs)
  File "C:\dev\iso9001_mvp\.venv\lib\site-packages\django\contrib\auth\decorato
rs.py", line 59, in _view_wrapper
    return view_func(request, *args, **kwargs)
  File "C:\dev\iso9001_mvp\apps\core\views.py", line 2490, in 
nonconforming_output_list
    return render(
  File "C:\dev\iso9001_mvp\.venv\lib\site-packages\django\shortcuts.py", line 
25, in render
    content = loader.render_to_string(template_name, context, request, 
using=using)
  File "C:\dev\iso9001_mvp\.venv\lib\site-packages\django\template\loader.py", 
line 62, in render_to_string
    return template.render(context, request)
  File "C:\dev\iso9001_mvp\.venv\lib\site-packages\django\template\backends\dja
ngo.py", line 107, in render
    return self.template.render(context)
  File "C:\dev\iso9001_mvp\.venv\lib\site-packages\django\template\base.py", 
line 172, in render
    return self._render(context)
  File "C:\dev\iso9001_mvp\.venv\lib\site-packages\django\test\utils.py", line 
114, in instrumented_test_render
    return self.nodelist.render(context)
  File "C:\dev\iso9001_mvp\.venv\lib\site-packages\django\template\base.py", 
line 1018, in render
    return SafeString("".join([node.render_annotated(context) for node in 
self]))
  File "C:\dev\iso9001_mvp\.venv\lib\site-packages\django\template\base.py", 
line 1018, in <listcomp>
    return SafeString("".join([node.render_annotated(context) for node in 
self]))
  File "C:\dev\iso9001_mvp\.venv\lib\site-packages\django\template\base.py", 
line 979, in render_annotated
    return self.render(context)
  File 
"C:\dev\iso9001_mvp\.venv\lib\site-packages\django\template\loader_tags.py", 
line 159, in render
    return compiled_parent._render(context)
  File "C:\dev\iso9001_mvp\.venv\lib\site-packages\django\test\utils.py", line 
114, in instrumented_test_render
    return self.nodelist.render(context)
  File "C:\dev\iso9001_mvp\.venv\lib\site-packages\django\template\base.py", 
line 1018, in render
    return SafeString("".join([node.render_annotated(context) for node in 
self]))
  File "C:\dev\iso9001_mvp\.venv\lib\site-packages\django\template\base.py", 
line 1018, in <listcomp>
    return SafeString("".join([node.render_annotated(context) for node in 
self]))
  File "C:\dev\iso9001_mvp\.venv\lib\site-packages\django\template\base.py", 
line 979, in render_annotated
    return self.render(context)
  File 
"C:\dev\iso9001_mvp\.venv\lib\site-packages\django\template\defaulttags.py", 
line 480, in render
    url = reverse(view_name, args=args, kwargs=kwargs, current_app=current_app)
  File "C:\dev\iso9001_mvp\.venv\lib\site-packages\django\urls\base.py", line 
98, in reverse
    resolved_url = resolver._reverse_with_prefix(view, prefix, *args, **kwargs)
  File "C:\dev\iso9001_mvp\.venv\lib\site-packages\django\urls\resolvers.py", 
line 831, in _reverse_with_prefix
    raise NoReverseMatch(msg)
django.urls.exceptions.NoReverseMatch: Reverse for 'review_list' not found. 
'review_list' is not a valid view function or pattern name.

======================================================================
ERROR: test_objective_list_renders (apps.core.tests.QualityObjectiveViewsTests)
Verifica que la vista de lista renderiza correctamente.
----------------------------------------------------------------------
Traceback (most recent call last):
  File "C:\dev\iso9001_mvp\apps\core\tests.py", line 1830, in 
test_objective_list_renders
    response = self.client.get(reverse("core:quality_objective_list"))
  File "C:\dev\iso9001_mvp\.venv\lib\site-packages\django\test\client.py", 
line 1124, in get
    response = super().get(
  File "C:\dev\iso9001_mvp\.venv\lib\site-packages\django\test\client.py", 
line 475, in get
    return self.generic(
  File "C:\dev\iso9001_mvp\.venv\lib\site-packages\django\test\client.py", 
line 671, in generic
    return self.request(**r)
  File "C:\dev\iso9001_mvp\.venv\lib\site-packages\django\test\client.py", 
line 1087, in request
    self.check_exception(response)
  File "C:\dev\iso9001_mvp\.venv\lib\site-packages\django\test\client.py", 
line 802, in check_exception
    raise exc_value
  File "C:\dev\iso9001_mvp\.venv\lib\site-packages\django\core\handlers\excepti
on.py", line 55, in inner
    response = get_response(request)
  File 
"C:\dev\iso9001_mvp\.venv\lib\site-packages\django\core\handlers\base.py", 
line 197, in _get_response
    response = wrapped_callback(request, *callback_args, **callback_kwargs)
  File "C:\dev\iso9001_mvp\.venv\lib\site-packages\django\contrib\auth\decorato
rs.py", line 59, in _view_wrapper
    return view_func(request, *args, **kwargs)
  File "C:\dev\iso9001_mvp\apps\core\views.py", line 1266, in 
quality_objective_list
    return render(
  File "C:\dev\iso9001_mvp\.venv\lib\site-packages\django\shortcuts.py", line 
25, in render
    content = loader.render_to_string(template_name, context, request, 
using=using)
  File "C:\dev\iso9001_mvp\.venv\lib\site-packages\django\template\loader.py", 
line 62, in render_to_string
    return template.render(context, request)
  File "C:\dev\iso9001_mvp\.venv\lib\site-packages\django\template\backends\dja
ngo.py", line 107, in render
    return self.template.render(context)
  File "C:\dev\iso9001_mvp\.venv\lib\site-packages\django\template\base.py", 
line 172, in render
    return self._render(context)
  File "C:\dev\iso9001_mvp\.venv\lib\site-packages\django\test\utils.py", line 
114, in instrumented_test_render
    return self.nodelist.render(context)
  File "C:\dev\iso9001_mvp\.venv\lib\site-packages\django\template\base.py", 
line 1018, in render
    return SafeString("".join([node.render_annotated(context) for node in 
self]))
  File "C:\dev\iso9001_mvp\.venv\lib\site-packages\django\template\base.py", 
line 1018, in <listcomp>
    return SafeString("".join([node.render_annotated(context) for node in 
self]))
  File "C:\dev\iso9001_mvp\.venv\lib\site-packages\django\template\base.py", 
line 979, in render_annotated
    return self.render(context)
  File 
"C:\dev\iso9001_mvp\.venv\lib\site-packages\django\template\loader_tags.py", 
line 159, in render
    return compiled_parent._render(context)
  File "C:\dev\iso9001_mvp\.venv\lib\site-packages\django\test\utils.py", line 
114, in instrumented_test_render
    return self.nodelist.render(context)
  File "C:\dev\iso9001_mvp\.venv\lib\site-packages\django\template\base.py", 
line 1018, in render
    return SafeString("".join([node.render_annotated(context) for node in 
self]))
  File "C:\dev\iso9001_mvp\.venv\lib\site-packages\django\template\base.py", 
line 1018, in <listcomp>
    return SafeString("".join([node.render_annotated(context) for node in 
self]))
  File "C:\dev\iso9001_mvp\.venv\lib\site-packages\django\template\base.py", 
line 979, in render_annotated
    return self.render(context)
  File 
"C:\dev\iso9001_mvp\.venv\lib\site-packages\django\template\defaulttags.py", 
line 480, in render
    url = reverse(view_name, args=args, kwargs=kwargs, current_app=current_app)
  File "C:\dev\iso9001_mvp\.venv\lib\site-packages\django\urls\base.py", line 
98, in reverse
    resolved_url = resolver._reverse_with_prefix(view, prefix, *args, **kwargs)
  File "C:\dev\iso9001_mvp\.venv\lib\site-packages\django\urls\resolvers.py", 
line 831, in _reverse_with_prefix
    raise NoReverseMatch(msg)
django.urls.exceptions.NoReverseMatch: Reverse for 'review_list' not found. 
'review_list' is not a valid view function or pattern name.

======================================================================
ERROR: test_dashboard_kind_summary (apps.core.tests.RiskOpportunityTests)
Test que el resumen por tipo muestra conteos correctos.
----------------------------------------------------------------------
Traceback (most recent call last):
  File "C:\dev\iso9001_mvp\apps\core\tests.py", line 557, in 
test_dashboard_kind_summary
    response = self.client.get(reverse("core:risk_dashboard"))
  File "C:\dev\iso9001_mvp\.venv\lib\site-packages\django\test\client.py", 
line 1124, in get
    response = super().get(
  File "C:\dev\iso9001_mvp\.venv\lib\site-packages\django\test\client.py", 
line 475, in get
    return self.generic(
  File "C:\dev\iso9001_mvp\.venv\lib\site-packages\django\test\client.py", 
line 671, in generic
    return self.request(**r)
  File "C:\dev\iso9001_mvp\.venv\lib\site-packages\django\test\client.py", 
line 1087, in request
    self.check_exception(response)
  File "C:\dev\iso9001_mvp\.venv\lib\site-packages\django\test\client.py", 
line 802, in check_exception
    raise exc_value
  File "C:\dev\iso9001_mvp\.venv\lib\site-packages\django\core\handlers\excepti
on.py", line 55, in inner
    response = get_response(request)
  File 
"C:\dev\iso9001_mvp\.venv\lib\site-packages\django\core\handlers\base.py", 
line 197, in _get_response
    response = wrapped_callback(request, *callback_args, **callback_kwargs)
  File "C:\dev\iso9001_mvp\.venv\lib\site-packages\django\contrib\auth\decorato
rs.py", line 59, in _view_wrapper
    return view_func(request, *args, **kwargs)
  File "C:\dev\iso9001_mvp\apps\core\views.py", line 687, in risk_dashboard
    return render(
  File "C:\dev\iso9001_mvp\.venv\lib\site-packages\django\shortcuts.py", line 
25, in render
    content = loader.render_to_string(template_name, context, request, 
using=using)
  File "C:\dev\iso9001_mvp\.venv\lib\site-packages\django\template\loader.py", 
line 62, in render_to_string
    return template.render(context, request)
  File "C:\dev\iso9001_mvp\.venv\lib\site-packages\django\template\backends\dja
ngo.py", line 107, in render
    return self.template.render(context)
  File "C:\dev\iso9001_mvp\.venv\lib\site-packages\django\template\base.py", 
line 172, in render
    return self._render(context)
  File "C:\dev\iso9001_mvp\.venv\lib\site-packages\django\test\utils.py", line 
114, in instrumented_test_render
    return self.nodelist.render(context)
  File "C:\dev\iso9001_mvp\.venv\lib\site-packages\django\template\base.py", 
line 1018, in render
    return SafeString("".join([node.render_annotated(context) for node in 
self]))
  File "C:\dev\iso9001_mvp\.venv\lib\site-packages\django\template\base.py", 
line 1018, in <listcomp>
    return SafeString("".join([node.render_annotated(context) for node in 
self]))
  File "C:\dev\iso9001_mvp\.venv\lib\site-packages\django\template\base.py", 
line 979, in render_annotated
    return self.render(context)
  File 
"C:\dev\iso9001_mvp\.venv\lib\site-packages\django\template\loader_tags.py", 
line 159, in render
    return compiled_parent._render(context)
  File "C:\dev\iso9001_mvp\.venv\lib\site-packages\django\test\utils.py", line 
114, in instrumented_test_render
    return self.nodelist.render(context)
  File "C:\dev\iso9001_mvp\.venv\lib\site-packages\django\template\base.py", 
line 1018, in render
    return SafeString("".join([node.render_annotated(context) for node in 
self]))
  File "C:\dev\iso9001_mvp\.venv\lib\site-packages\django\template\base.py", 
line 1018, in <listcomp>
    return SafeString("".join([node.render_annotated(context) for node in 
self]))
  File "C:\dev\iso9001_mvp\.venv\lib\site-packages\django\template\base.py", 
line 979, in render_annotated
    return self.render(context)
  File 
"C:\dev\iso9001_mvp\.venv\lib\site-packages\django\template\defaulttags.py", 
line 480, in render
    url = reverse(view_name, args=args, kwargs=kwargs, current_app=current_app)
  File "C:\dev\iso9001_mvp\.venv\lib\site-packages\django\urls\base.py", line 
98, in reverse
    resolved_url = resolver._reverse_with_prefix(view, prefix, *args, **kwargs)
  File "C:\dev\iso9001_mvp\.venv\lib\site-packages\django\urls\resolvers.py", 
line 831, in _reverse_with_prefix
    raise NoReverseMatch(msg)
django.urls.exceptions.NoReverseMatch: Reverse for 'review_list' not found. 
'review_list' is not a valid view function or pattern name.

======================================================================
ERROR: test_dashboard_matrix_data_structure 
(apps.core.tests.RiskOpportunityTests)
Test que la matriz 5x5 se construye correctamente en el contexto.
----------------------------------------------------------------------
Traceback (most recent call last):
  File "C:\dev\iso9001_mvp\apps\core\tests.py", line 495, in 
test_dashboard_matrix_data_structure
    response = self.client.get(reverse("core:risk_dashboard"))
  File "C:\dev\iso9001_mvp\.venv\lib\site-packages\django\test\client.py", 
line 1124, in get
    response = super().get(
  File "C:\dev\iso9001_mvp\.venv\lib\site-packages\django\test\client.py", 
line 475, in get
    return self.generic(
  File "C:\dev\iso9001_mvp\.venv\lib\site-packages\django\test\client.py", 
line 671, in generic
    return self.request(**r)
  File "C:\dev\iso9001_mvp\.venv\lib\site-packages\django\test\client.py", 
line 1087, in request
    self.check_exception(response)
  File "C:\dev\iso9001_mvp\.venv\lib\site-packages\django\test\client.py", 
line 802, in check_exception
    raise exc_value
  File "C:\dev\iso9001_mvp\.venv\lib\site-packages\django\core\handlers\excepti
on.py", line 55, in inner
    response = get_response(request)
  File 
"C:\dev\iso9001_mvp\.venv\lib\site-packages\django\core\handlers\base.py", 
line 197, in _get_response
    response = wrapped_callback(request, *callback_args, **callback_kwargs)
  File "C:\dev\iso9001_mvp\.venv\lib\site-packages\django\contrib\auth\decorato
rs.py", line 59, in _view_wrapper
    return view_func(request, *args, **kwargs)
  File "C:\dev\iso9001_mvp\apps\core\views.py", line 687, in risk_dashboard
    return render(
  File "C:\dev\iso9001_mvp\.venv\lib\site-packages\django\shortcuts.py", line 
25, in render
    content = loader.render_to_string(template_name, context, request, 
using=using)
  File "C:\dev\iso9001_mvp\.venv\lib\site-packages\django\template\loader.py", 
line 62, in render_to_string
    return template.render(context, request)
  File "C:\dev\iso9001_mvp\.venv\lib\site-packages\django\template\backends\dja
ngo.py", line 107, in render
    return self.template.render(context)
  File "C:\dev\iso9001_mvp\.venv\lib\site-packages\django\template\base.py", 
line 172, in render
    return self._render(context)
  File "C:\dev\iso9001_mvp\.venv\lib\site-packages\django\test\utils.py", line 
114, in instrumented_test_render
    return self.nodelist.render(context)
  File "C:\dev\iso9001_mvp\.venv\lib\site-packages\django\template\base.py", 
line 1018, in render
    return SafeString("".join([node.render_annotated(context) for node in 
self]))
  File "C:\dev\iso9001_mvp\.venv\lib\site-packages\django\template\base.py", 
line 1018, in <listcomp>
    return SafeString("".join([node.render_annotated(context) for node in 
self]))
  File "C:\dev\iso9001_mvp\.venv\lib\site-packages\django\template\base.py", 
line 979, in render_annotated
    return self.render(context)
  File 
"C:\dev\iso9001_mvp\.venv\lib\site-packages\django\template\loader_tags.py", 
line 159, in render
    return compiled_parent._render(context)
  File "C:\dev\iso9001_mvp\.venv\lib\site-packages\django\test\utils.py", line 
114, in instrumented_test_render
    return self.nodelist.render(context)
  File "C:\dev\iso9001_mvp\.venv\lib\site-packages\django\template\base.py", 
line 1018, in render
    return SafeString("".join([node.render_annotated(context) for node in 
self]))
  File "C:\dev\iso9001_mvp\.venv\lib\site-packages\django\template\base.py", 
line 1018, in <listcomp>
    return SafeString("".join([node.render_annotated(context) for node in 
self]))
  File "C:\dev\iso9001_mvp\.venv\lib\site-packages\django\template\base.py", 
line 979, in render_annotated
    return self.render(context)
  File 
"C:\dev\iso9001_mvp\.venv\lib\site-packages\django\template\defaulttags.py", 
line 480, in render
    url = reverse(view_name, args=args, kwargs=kwargs, current_app=current_app)
  File "C:\dev\iso9001_mvp\.venv\lib\site-packages\django\urls\base.py", line 
98, in reverse
    resolved_url = resolver._reverse_with_prefix(view, prefix, *args, **kwargs)
  File "C:\dev\iso9001_mvp\.venv\lib\site-packages\django\urls\resolvers.py", 
line 831, in _reverse_with_prefix
    raise NoReverseMatch(msg)
django.urls.exceptions.NoReverseMatch: Reverse for 'review_list' not found. 
'review_list' is not a valid view function or pattern name.

======================================================================
ERROR: test_dashboard_renders (apps.core.tests.RiskOpportunityTests)
Test que el dashboard renderiza con datos correctos en el contexto.
----------------------------------------------------------------------
Traceback (most recent call last):
  File "C:\dev\iso9001_mvp\apps\core\tests.py", line 451, in 
test_dashboard_renders
    response = self.client.get(reverse("core:risk_dashboard"))
  File "C:\dev\iso9001_mvp\.venv\lib\site-packages\django\test\client.py", 
line 1124, in get
    response = super().get(
  File "C:\dev\iso9001_mvp\.venv\lib\site-packages\django\test\client.py", 
line 475, in get
    return self.generic(
  File "C:\dev\iso9001_mvp\.venv\lib\site-packages\django\test\client.py", 
line 671, in generic
    return self.request(**r)
  File "C:\dev\iso9001_mvp\.venv\lib\site-packages\django\test\client.py", 
line 1087, in request
    self.check_exception(response)
  File "C:\dev\iso9001_mvp\.venv\lib\site-packages\django\test\client.py", 
line 802, in check_exception
    raise exc_value
  File "C:\dev\iso9001_mvp\.venv\lib\site-packages\django\core\handlers\excepti
on.py", line 55, in inner
    response = get_response(request)
  File 
"C:\dev\iso9001_mvp\.venv\lib\site-packages\django\core\handlers\base.py", 
line 197, in _get_response
    response = wrapped_callback(request, *callback_args, **callback_kwargs)
  File "C:\dev\iso9001_mvp\.venv\lib\site-packages\django\contrib\auth\decorato
rs.py", line 59, in _view_wrapper
    return view_func(request, *args, **kwargs)
  File "C:\dev\iso9001_mvp\apps\core\views.py", line 687, in risk_dashboard
    return render(
  File "C:\dev\iso9001_mvp\.venv\lib\site-packages\django\shortcuts.py", line 
25, in render
    content = loader.render_to_string(template_name, context, request, 
using=using)
  File "C:\dev\iso9001_mvp\.venv\lib\site-packages\django\template\loader.py", 
line 62, in render_to_string
    return template.render(context, request)
  File "C:\dev\iso9001_mvp\.venv\lib\site-packages\django\template\backends\dja
ngo.py", line 107, in render
    return self.template.render(context)
  File "C:\dev\iso9001_mvp\.venv\lib\site-packages\django\template\base.py", 
line 172, in render
    return self._render(context)
  File "C:\dev\iso9001_mvp\.venv\lib\site-packages\django\test\utils.py", line 
114, in instrumented_test_render
    return self.nodelist.render(context)
  File "C:\dev\iso9001_mvp\.venv\lib\site-packages\django\template\base.py", 
line 1018, in render
    return SafeString("".join([node.render_annotated(context) for node in 
self]))
  File "C:\dev\iso9001_mvp\.venv\lib\site-packages\django\template\base.py", 
line 1018, in <listcomp>
    return SafeString("".join([node.render_annotated(context) for node in 
self]))
  File "C:\dev\iso9001_mvp\.venv\lib\site-packages\django\template\base.py", 
line 979, in render_annotated
    return self.render(context)
  File 
"C:\dev\iso9001_mvp\.venv\lib\site-packages\django\template\loader_tags.py", 
line 159, in render
    return compiled_parent._render(context)
  File "C:\dev\iso9001_mvp\.venv\lib\site-packages\django\test\utils.py", line 
114, in instrumented_test_render
    return self.nodelist.render(context)
  File "C:\dev\iso9001_mvp\.venv\lib\site-packages\django\template\base.py", 
line 1018, in render
    return SafeString("".join([node.render_annotated(context) for node in 
self]))
  File "C:\dev\iso9001_mvp\.venv\lib\site-packages\django\template\base.py", 
line 1018, in <listcomp>
    return SafeString("".join([node.render_annotated(context) for node in 
self]))
  File "C:\dev\iso9001_mvp\.venv\lib\site-packages\django\template\base.py", 
line 979, in render_annotated
    return self.render(context)
  File 
"C:\dev\iso9001_mvp\.venv\lib\site-packages\django\template\defaulttags.py", 
line 480, in render
    url = reverse(view_name, args=args, kwargs=kwargs, current_app=current_app)
  File "C:\dev\iso9001_mvp\.venv\lib\site-packages\django\urls\base.py", line 
98, in reverse
    resolved_url = resolver._reverse_with_prefix(view, prefix, *args, **kwargs)
  File "C:\dev\iso9001_mvp\.venv\lib\site-packages\django\urls\resolvers.py", 
line 831, in _reverse_with_prefix
    raise NoReverseMatch(msg)
django.urls.exceptions.NoReverseMatch: Reverse for 'review_list' not found. 
'review_list' is not a valid view function or pattern name.

======================================================================
ERROR: test_list_renders (apps.core.tests.RiskOpportunityTests)
----------------------------------------------------------------------
Traceback (most recent call last):
  File "C:\dev\iso9001_mvp\apps\core\tests.py", line 395, in test_list_renders
    response = self.client.get(reverse("core:risk_list"))
  File "C:\dev\iso9001_mvp\.venv\lib\site-packages\django\test\client.py", 
line 1124, in get
    response = super().get(
  File "C:\dev\iso9001_mvp\.venv\lib\site-packages\django\test\client.py", 
line 475, in get
    return self.generic(
  File "C:\dev\iso9001_mvp\.venv\lib\site-packages\django\test\client.py", 
line 671, in generic
    return self.request(**r)
  File "C:\dev\iso9001_mvp\.venv\lib\site-packages\django\test\client.py", 
line 1087, in request
    self.check_exception(response)
  File "C:\dev\iso9001_mvp\.venv\lib\site-packages\django\test\client.py", 
line 802, in check_exception
    raise exc_value
  File "C:\dev\iso9001_mvp\.venv\lib\site-packages\django\core\handlers\excepti
on.py", line 55, in inner
    response = get_response(request)
  File 
"C:\dev\iso9001_mvp\.venv\lib\site-packages\django\core\handlers\base.py", 
line 197, in _get_response
    response = wrapped_callback(request, *callback_args, **callback_kwargs)
  File "C:\dev\iso9001_mvp\.venv\lib\site-packages\django\contrib\auth\decorato
rs.py", line 59, in _view_wrapper
    return view_func(request, *args, **kwargs)
  File "C:\dev\iso9001_mvp\apps\core\views.py", line 435, in risk_list
    return render(
  File "C:\dev\iso9001_mvp\.venv\lib\site-packages\django\shortcuts.py", line 
25, in render
    content = loader.render_to_string(template_name, context, request, 
using=using)
  File "C:\dev\iso9001_mvp\.venv\lib\site-packages\django\template\loader.py", 
line 62, in render_to_string
    return template.render(context, request)
  File "C:\dev\iso9001_mvp\.venv\lib\site-packages\django\template\backends\dja
ngo.py", line 107, in render
    return self.template.render(context)
  File "C:\dev\iso9001_mvp\.venv\lib\site-packages\django\template\base.py", 
line 172, in render
    return self._render(context)
  File "C:\dev\iso9001_mvp\.venv\lib\site-packages\django\test\utils.py", line 
114, in instrumented_test_render
    return self.nodelist.render(context)
  File "C:\dev\iso9001_mvp\.venv\lib\site-packages\django\template\base.py", 
line 1018, in render
    return SafeString("".join([node.render_annotated(context) for node in 
self]))
  File "C:\dev\iso9001_mvp\.venv\lib\site-packages\django\template\base.py", 
line 1018, in <listcomp>
    return SafeString("".join([node.render_annotated(context) for node in 
self]))
  File "C:\dev\iso9001_mvp\.venv\lib\site-packages\django\template\base.py", 
line 979, in render_annotated
    return self.render(context)
  File 
"C:\dev\iso9001_mvp\.venv\lib\site-packages\django\template\loader_tags.py", 
line 159, in render
    return compiled_parent._render(context)
  File "C:\dev\iso9001_mvp\.venv\lib\site-packages\django\test\utils.py", line 
114, in instrumented_test_render
    return self.nodelist.render(context)
  File "C:\dev\iso9001_mvp\.venv\lib\site-packages\django\template\base.py", 
line 1018, in render
    return SafeString("".join([node.render_annotated(context) for node in 
self]))
  File "C:\dev\iso9001_mvp\.venv\lib\site-packages\django\template\base.py", 
line 1018, in <listcomp>
    return SafeString("".join([node.render_annotated(context) for node in 
self]))
  File "C:\dev\iso9001_mvp\.venv\lib\site-packages\django\template\base.py", 
line 979, in render_annotated
    return self.render(context)
  File 
"C:\dev\iso9001_mvp\.venv\lib\site-packages\django\template\defaulttags.py", 
line 480, in render
    url = reverse(view_name, args=args, kwargs=kwargs, current_app=current_app)
  File "C:\dev\iso9001_mvp\.venv\lib\site-packages\django\urls\base.py", line 
98, in reverse
    resolved_url = resolver._reverse_with_prefix(view, prefix, *args, **kwargs)
  File "C:\dev\iso9001_mvp\.venv\lib\site-packages\django\urls\resolvers.py", 
line 831, in _reverse_with_prefix
    raise NoReverseMatch(msg)
django.urls.exceptions.NoReverseMatch: Reverse for 'review_list' not found. 
'review_list' is not a valid view function or pattern name.

======================================================================
ERROR: test_list_renders (apps.core.tests.StakeholderViewsTests)
----------------------------------------------------------------------
Traceback (most recent call last):
  File "C:\dev\iso9001_mvp\apps\core\tests.py", line 293, in test_list_renders
    response = self.client.get(reverse("core:stakeholder_list"))
  File "C:\dev\iso9001_mvp\.venv\lib\site-packages\django\test\client.py", 
line 1124, in get
    response = super().get(
  File "C:\dev\iso9001_mvp\.venv\lib\site-packages\django\test\client.py", 
line 475, in get
    return self.generic(
  File "C:\dev\iso9001_mvp\.venv\lib\site-packages\django\test\client.py", 
line 671, in generic
    return self.request(**r)
  File "C:\dev\iso9001_mvp\.venv\lib\site-packages\django\test\client.py", 
line 1087, in request
    self.check_exception(response)
  File "C:\dev\iso9001_mvp\.venv\lib\site-packages\django\test\client.py", 
line 802, in check_exception
    raise exc_value
  File "C:\dev\iso9001_mvp\.venv\lib\site-packages\django\core\handlers\excepti
on.py", line 55, in inner
    response = get_response(request)
  File 
"C:\dev\iso9001_mvp\.venv\lib\site-packages\django\core\handlers\base.py", 
line 197, in _get_response
    response = wrapped_callback(request, *callback_args, **callback_kwargs)
  File "C:\dev\iso9001_mvp\.venv\lib\site-packages\django\contrib\auth\decorato
rs.py", line 59, in _view_wrapper
    return view_func(request, *args, **kwargs)
  File "C:\dev\iso9001_mvp\apps\core\views.py", line 246, in stakeholder_list
    return render(
  File "C:\dev\iso9001_mvp\.venv\lib\site-packages\django\shortcuts.py", line 
25, in render
    content = loader.render_to_string(template_name, context, request, 
using=using)
  File "C:\dev\iso9001_mvp\.venv\lib\site-packages\django\template\loader.py", 
line 62, in render_to_string
    return template.render(context, request)
  File "C:\dev\iso9001_mvp\.venv\lib\site-packages\django\template\backends\dja
ngo.py", line 107, in render
    return self.template.render(context)
  File "C:\dev\iso9001_mvp\.venv\lib\site-packages\django\template\base.py", 
line 172, in render
    return self._render(context)
  File "C:\dev\iso9001_mvp\.venv\lib\site-packages\django\test\utils.py", line 
114, in instrumented_test_render
    return self.nodelist.render(context)
  File "C:\dev\iso9001_mvp\.venv\lib\site-packages\django\template\base.py", 
line 1018, in render
    return SafeString("".join([node.render_annotated(context) for node in 
self]))
  File "C:\dev\iso9001_mvp\.venv\lib\site-packages\django\template\base.py", 
line 1018, in <listcomp>
    return SafeString("".join([node.render_annotated(context) for node in 
self]))
  File "C:\dev\iso9001_mvp\.venv\lib\site-packages\django\template\base.py", 
line 979, in render_annotated
    return self.render(context)
  File 
"C:\dev\iso9001_mvp\.venv\lib\site-packages\django\template\loader_tags.py", 
line 159, in render
    return compiled_parent._render(context)
  File "C:\dev\iso9001_mvp\.venv\lib\site-packages\django\test\utils.py", line 
114, in instrumented_test_render
    return self.nodelist.render(context)
  File "C:\dev\iso9001_mvp\.venv\lib\site-packages\django\template\base.py", 
line 1018, in render
    return SafeString("".join([node.render_annotated(context) for node in 
self]))
  File "C:\dev\iso9001_mvp\.venv\lib\site-packages\django\template\base.py", 
line 1018, in <listcomp>
    return SafeString("".join([node.render_annotated(context) for node in 
self]))
  File "C:\dev\iso9001_mvp\.venv\lib\site-packages\django\template\base.py", 
line 979, in render_annotated
    return self.render(context)
  File 
"C:\dev\iso9001_mvp\.venv\lib\site-packages\django\template\defaulttags.py", 
line 480, in render
    url = reverse(view_name, args=args, kwargs=kwargs, current_app=current_app)
  File "C:\dev\iso9001_mvp\.venv\lib\site-packages\django\urls\base.py", line 
98, in reverse
    resolved_url = resolver._reverse_with_prefix(view, prefix, *args, **kwargs)
  File "C:\dev\iso9001_mvp\.venv\lib\site-packages\django\urls\resolvers.py", 
line 831, in _reverse_with_prefix
    raise NoReverseMatch(msg)
django.urls.exceptions.NoReverseMatch: Reverse for 'review_list' not found. 
'review_list' is not a valid view function or pattern name.

======================================================================
ERROR: test_non_admin_cannot_see_edit_buttons (apps.core.tests.SupplierTests)
Usuario sin permisos no ve botones Editar/Nueva evaluaci¾n.
----------------------------------------------------------------------
Traceback (most recent call last):
  File "C:\dev\iso9001_mvp\apps\core\tests.py", line 2789, in 
test_non_admin_cannot_see_edit_buttons
    list_response = self.client.get(reverse("core:supplier_list"))
  File "C:\dev\iso9001_mvp\.venv\lib\site-packages\django\test\client.py", 
line 1124, in get
    response = super().get(
  File "C:\dev\iso9001_mvp\.venv\lib\site-packages\django\test\client.py", 
line 475, in get
    return self.generic(
  File "C:\dev\iso9001_mvp\.venv\lib\site-packages\django\test\client.py", 
line 671, in generic
    return self.request(**r)
  File "C:\dev\iso9001_mvp\.venv\lib\site-packages\django\test\client.py", 
line 1087, in request
    self.check_exception(response)
  File "C:\dev\iso9001_mvp\.venv\lib\site-packages\django\test\client.py", 
line 802, in check_exception
    raise exc_value
  File "C:\dev\iso9001_mvp\.venv\lib\site-packages\django\core\handlers\excepti
on.py", line 55, in inner
    response = get_response(request)
  File 
"C:\dev\iso9001_mvp\.venv\lib\site-packages\django\core\handlers\base.py", 
line 197, in _get_response
    response = wrapped_callback(request, *callback_args, **callback_kwargs)
  File "C:\dev\iso9001_mvp\.venv\lib\site-packages\django\contrib\auth\decorato
rs.py", line 59, in _view_wrapper
    return view_func(request, *args, **kwargs)
  File "C:\dev\iso9001_mvp\apps\core\views.py", line 2702, in supplier_list
    return render(request, "supplier_list.html", context)
  File "C:\dev\iso9001_mvp\.venv\lib\site-packages\django\shortcuts.py", line 
25, in render
    content = loader.render_to_string(template_name, context, request, 
using=using)
  File "C:\dev\iso9001_mvp\.venv\lib\site-packages\django\template\loader.py", 
line 62, in render_to_string
    return template.render(context, request)
  File "C:\dev\iso9001_mvp\.venv\lib\site-packages\django\template\backends\dja
ngo.py", line 107, in render
    return self.template.render(context)
  File "C:\dev\iso9001_mvp\.venv\lib\site-packages\django\template\base.py", 
line 172, in render
    return self._render(context)
  File "C:\dev\iso9001_mvp\.venv\lib\site-packages\django\test\utils.py", line 
114, in instrumented_test_render
    return self.nodelist.render(context)
  File "C:\dev\iso9001_mvp\.venv\lib\site-packages\django\template\base.py", 
line 1018, in render
    return SafeString("".join([node.render_annotated(context) for node in 
self]))
  File "C:\dev\iso9001_mvp\.venv\lib\site-packages\django\template\base.py", 
line 1018, in <listcomp>
    return SafeString("".join([node.render_annotated(context) for node in 
self]))
  File "C:\dev\iso9001_mvp\.venv\lib\site-packages\django\template\base.py", 
line 979, in render_annotated
    return self.render(context)
  File 
"C:\dev\iso9001_mvp\.venv\lib\site-packages\django\template\loader_tags.py", 
line 159, in render
    return compiled_parent._render(context)
  File "C:\dev\iso9001_mvp\.venv\lib\site-packages\django\test\utils.py", line 
114, in instrumented_test_render
    return self.nodelist.render(context)
  File "C:\dev\iso9001_mvp\.venv\lib\site-packages\django\template\base.py", 
line 1018, in render
    return SafeString("".join([node.render_annotated(context) for node in 
self]))
  File "C:\dev\iso9001_mvp\.venv\lib\site-packages\django\template\base.py", 
line 1018, in <listcomp>
    return SafeString("".join([node.render_annotated(context) for node in 
self]))
  File "C:\dev\iso9001_mvp\.venv\lib\site-packages\django\template\base.py", 
line 979, in render_annotated
    return self.render(context)
  File 
"C:\dev\iso9001_mvp\.venv\lib\site-packages\django\template\defaulttags.py", 
line 480, in render
    url = reverse(view_name, args=args, kwargs=kwargs, current_app=current_app)
  File "C:\dev\iso9001_mvp\.venv\lib\site-packages\django\urls\base.py", line 
98, in reverse
    resolved_url = resolver._reverse_with_prefix(view, prefix, *args, **kwargs)
  File "C:\dev\iso9001_mvp\.venv\lib\site-packages\django\urls\resolvers.py", 
line 831, in _reverse_with_prefix
    raise NoReverseMatch(msg)
django.urls.exceptions.NoReverseMatch: Reverse for 'review_list' not found. 
'review_list' is not a valid view function or pattern name.

======================================================================
ERROR: test_supplier_detail_renders (apps.core.tests.SupplierTests)
El detalle de proveedor devuelve 200.
----------------------------------------------------------------------
Traceback (most recent call last):
  File "C:\dev\iso9001_mvp\apps\core\tests.py", line 2776, in 
test_supplier_detail_renders
    response = self.client.get(reverse("core:supplier_detail", 
args=[supplier.pk]))
  File "C:\dev\iso9001_mvp\.venv\lib\site-packages\django\test\client.py", 
line 1124, in get
    response = super().get(
  File "C:\dev\iso9001_mvp\.venv\lib\site-packages\django\test\client.py", 
line 475, in get
    return self.generic(
  File "C:\dev\iso9001_mvp\.venv\lib\site-packages\django\test\client.py", 
line 671, in generic
    return self.request(**r)
  File "C:\dev\iso9001_mvp\.venv\lib\site-packages\django\test\client.py", 
line 1087, in request
    self.check_exception(response)
  File "C:\dev\iso9001_mvp\.venv\lib\site-packages\django\test\client.py", 
line 802, in check_exception
    raise exc_value
  File "C:\dev\iso9001_mvp\.venv\lib\site-packages\django\core\handlers\excepti
on.py", line 55, in inner
    response = get_response(request)
  File 
"C:\dev\iso9001_mvp\.venv\lib\site-packages\django\core\handlers\base.py", 
line 197, in _get_response
    response = wrapped_callback(request, *callback_args, **callback_kwargs)
  File "C:\dev\iso9001_mvp\.venv\lib\site-packages\django\contrib\auth\decorato
rs.py", line 59, in _view_wrapper
    return view_func(request, *args, **kwargs)
  File "C:\dev\iso9001_mvp\apps\core\views.py", line 2722, in supplier_detail
    return render(request, "supplier_detail.html", context)
  File "C:\dev\iso9001_mvp\.venv\lib\site-packages\django\shortcuts.py", line 
25, in render
    content = loader.render_to_string(template_name, context, request, 
using=using)
  File "C:\dev\iso9001_mvp\.venv\lib\site-packages\django\template\loader.py", 
line 62, in render_to_string
    return template.render(context, request)
  File "C:\dev\iso9001_mvp\.venv\lib\site-packages\django\template\backends\dja
ngo.py", line 107, in render
    return self.template.render(context)
  File "C:\dev\iso9001_mvp\.venv\lib\site-packages\django\template\base.py", 
line 172, in render
    return self._render(context)
  File "C:\dev\iso9001_mvp\.venv\lib\site-packages\django\test\utils.py", line 
114, in instrumented_test_render
    return self.nodelist.render(context)
  File "C:\dev\iso9001_mvp\.venv\lib\site-packages\django\template\base.py", 
line 1018, in render
    return SafeString("".join([node.render_annotated(context) for node in 
self]))
  File "C:\dev\iso9001_mvp\.venv\lib\site-packages\django\template\base.py", 
line 1018, in <listcomp>
    return SafeString("".join([node.render_annotated(context) for node in 
self]))
  File "C:\dev\iso9001_mvp\.venv\lib\site-packages\django\template\base.py", 
line 979, in render_annotated
    return self.render(context)
  File 
"C:\dev\iso9001_mvp\.venv\lib\site-packages\django\template\loader_tags.py", 
line 159, in render
    return compiled_parent._render(context)
  File "C:\dev\iso9001_mvp\.venv\lib\site-packages\django\test\utils.py", line 
114, in instrumented_test_render
    return self.nodelist.render(context)
  File "C:\dev\iso9001_mvp\.venv\lib\site-packages\django\template\base.py", 
line 1018, in render
    return SafeString("".join([node.render_annotated(context) for node in 
self]))
  File "C:\dev\iso9001_mvp\.venv\lib\site-packages\django\template\base.py", 
line 1018, in <listcomp>
    return SafeString("".join([node.render_annotated(context) for node in 
self]))
  File "C:\dev\iso9001_mvp\.venv\lib\site-packages\django\template\base.py", 
line 979, in render_annotated
    return self.render(context)
  File 
"C:\dev\iso9001_mvp\.venv\lib\site-packages\django\template\defaulttags.py", 
line 480, in render
    url = reverse(view_name, args=args, kwargs=kwargs, current_app=current_app)
  File "C:\dev\iso9001_mvp\.venv\lib\site-packages\django\urls\base.py", line 
98, in reverse
    resolved_url = resolver._reverse_with_prefix(view, prefix, *args, **kwargs)
  File "C:\dev\iso9001_mvp\.venv\lib\site-packages\django\urls\resolvers.py", 
line 831, in _reverse_with_prefix
    raise NoReverseMatch(msg)
django.urls.exceptions.NoReverseMatch: Reverse for 'review_list' not found. 
'review_list' is not a valid view function or pattern name.

======================================================================
ERROR: test_supplier_list_renders_and_links_to_detail 
(apps.core.tests.SupplierTests)
La lista devuelve 200 y contiene link al detalle del proveedor.
----------------------------------------------------------------------
Traceback (most recent call last):
  File "C:\dev\iso9001_mvp\apps\core\tests.py", line 2758, in 
test_supplier_list_renders_and_links_to_detail
    response = self.client.get(reverse("core:supplier_list"))
  File "C:\dev\iso9001_mvp\.venv\lib\site-packages\django\test\client.py", 
line 1124, in get
    response = super().get(
  File "C:\dev\iso9001_mvp\.venv\lib\site-packages\django\test\client.py", 
line 475, in get
    return self.generic(
  File "C:\dev\iso9001_mvp\.venv\lib\site-packages\django\test\client.py", 
line 671, in generic
    return self.request(**r)
  File "C:\dev\iso9001_mvp\.venv\lib\site-packages\django\test\client.py", 
line 1087, in request
    self.check_exception(response)
  File "C:\dev\iso9001_mvp\.venv\lib\site-packages\django\test\client.py", 
line 802, in check_exception
    raise exc_value
  File "C:\dev\iso9001_mvp\.venv\lib\site-packages\django\core\handlers\excepti
on.py", line 55, in inner
    response = get_response(request)
  File 
"C:\dev\iso9001_mvp\.venv\lib\site-packages\django\core\handlers\base.py", 
line 197, in _get_response
    response = wrapped_callback(request, *callback_args, **callback_kwargs)
  File "C:\dev\iso9001_mvp\.venv\lib\site-packages\django\contrib\auth\decorato
rs.py", line 59, in _view_wrapper
    return view_func(request, *args, **kwargs)
  File "C:\dev\iso9001_mvp\apps\core\views.py", line 2702, in supplier_list
    return render(request, "supplier_list.html", context)
  File "C:\dev\iso9001_mvp\.venv\lib\site-packages\django\shortcuts.py", line 
25, in render
    content = loader.render_to_string(template_name, context, request, 
using=using)
  File "C:\dev\iso9001_mvp\.venv\lib\site-packages\django\template\loader.py", 
line 62, in render_to_string
    return template.render(context, request)
  File "C:\dev\iso9001_mvp\.venv\lib\site-packages\django\template\backends\dja
ngo.py", line 107, in render
    return self.template.render(context)
  File "C:\dev\iso9001_mvp\.venv\lib\site-packages\django\template\base.py", 
line 172, in render
    return self._render(context)
  File "C:\dev\iso9001_mvp\.venv\lib\site-packages\django\test\utils.py", line 
114, in instrumented_test_render
    return self.nodelist.render(context)
  File "C:\dev\iso9001_mvp\.venv\lib\site-packages\django\template\base.py", 
line 1018, in render
    return SafeString("".join([node.render_annotated(context) for node in 
self]))
  File "C:\dev\iso9001_mvp\.venv\lib\site-packages\django\template\base.py", 
line 1018, in <listcomp>
    return SafeString("".join([node.render_annotated(context) for node in 
self]))
  File "C:\dev\iso9001_mvp\.venv\lib\site-packages\django\template\base.py", 
line 979, in render_annotated
    return self.render(context)
  File 
"C:\dev\iso9001_mvp\.venv\lib\site-packages\django\template\loader_tags.py", 
line 159, in render
    return compiled_parent._render(context)
  File "C:\dev\iso9001_mvp\.venv\lib\site-packages\django\test\utils.py", line 
114, in instrumented_test_render
    return self.nodelist.render(context)
  File "C:\dev\iso9001_mvp\.venv\lib\site-packages\django\template\base.py", 
line 1018, in render
    return SafeString("".join([node.render_annotated(context) for node in 
self]))
  File "C:\dev\iso9001_mvp\.venv\lib\site-packages\django\template\base.py", 
line 1018, in <listcomp>
    return SafeString("".join([node.render_annotated(context) for node in 
self]))
  File "C:\dev\iso9001_mvp\.venv\lib\site-packages\django\template\base.py", 
line 979, in render_annotated
    return self.render(context)
  File 
"C:\dev\iso9001_mvp\.venv\lib\site-packages\django\template\defaulttags.py", 
line 480, in render
    url = reverse(view_name, args=args, kwargs=kwargs, current_app=current_app)
  File "C:\dev\iso9001_mvp\.venv\lib\site-packages\django\urls\base.py", line 
98, in reverse
    resolved_url = resolver._reverse_with_prefix(view, prefix, *args, **kwargs)
  File "C:\dev\iso9001_mvp\.venv\lib\site-packages\django\urls\resolvers.py", 
line 831, in _reverse_with_prefix
    raise NoReverseMatch(msg)
django.urls.exceptions.NoReverseMatch: Reverse for 'review_list' not found. 
'review_list' is not a valid view function or pattern name.

======================================================================
ERROR: test_library_context_data 
(apps.docs.tests.test_library.DocsLibraryViewTests)
El contexto debe incluir opciones de filtro.
----------------------------------------------------------------------
Traceback (most recent call last):
  File "C:\dev\iso9001_mvp\apps\docs\tests\test_library.py", line 216, in 
test_library_context_data
    response = self.client.get(reverse("docs:docs_library"))
  File "C:\dev\iso9001_mvp\.venv\lib\site-packages\django\test\client.py", 
line 1124, in get
    response = super().get(
  File "C:\dev\iso9001_mvp\.venv\lib\site-packages\django\test\client.py", 
line 475, in get
    return self.generic(
  File "C:\dev\iso9001_mvp\.venv\lib\site-packages\django\test\client.py", 
line 671, in generic
    return self.request(**r)
  File "C:\dev\iso9001_mvp\.venv\lib\site-packages\django\test\client.py", 
line 1087, in request
    self.check_exception(response)
  File "C:\dev\iso9001_mvp\.venv\lib\site-packages\django\test\client.py", 
line 802, in check_exception
    raise exc_value
  File "C:\dev\iso9001_mvp\.venv\lib\site-packages\django\core\handlers\excepti
on.py", line 55, in inner
    response = get_response(request)
  File 
"C:\dev\iso9001_mvp\.venv\lib\site-packages\django\core\handlers\base.py", 
line 197, in _get_response
    response = wrapped_callback(request, *callback_args, **callback_kwargs)
  File "C:\dev\iso9001_mvp\.venv\lib\site-packages\django\contrib\auth\decorato
rs.py", line 59, in _view_wrapper
    return view_func(request, *args, **kwargs)
  File "C:\dev\iso9001_mvp\apps\docs\views.py", line 333, in docs_library
    return render(request, 'docs/docs_library.html', context)
  File "C:\dev\iso9001_mvp\.venv\lib\site-packages\django\shortcuts.py", line 
25, in render
    content = loader.render_to_string(template_name, context, request, 
using=using)
  File "C:\dev\iso9001_mvp\.venv\lib\site-packages\django\template\loader.py", 
line 62, in render_to_string
    return template.render(context, request)
  File "C:\dev\iso9001_mvp\.venv\lib\site-packages\django\template\backends\dja
ngo.py", line 107, in render
    return self.template.render(context)
  File "C:\dev\iso9001_mvp\.venv\lib\site-packages\django\template\base.py", 
line 172, in render
    return self._render(context)
  File "C:\dev\iso9001_mvp\.venv\lib\site-packages\django\test\utils.py", line 
114, in instrumented_test_render
    return self.nodelist.render(context)
  File "C:\dev\iso9001_mvp\.venv\lib\site-packages\django\template\base.py", 
line 1018, in render
    return SafeString("".join([node.render_annotated(context) for node in 
self]))
  File "C:\dev\iso9001_mvp\.venv\lib\site-packages\django\template\base.py", 
line 1018, in <listcomp>
    return SafeString("".join([node.render_annotated(context) for node in 
self]))
  File "C:\dev\iso9001_mvp\.venv\lib\site-packages\django\template\base.py", 
line 979, in render_annotated
    return self.render(context)
  File 
"C:\dev\iso9001_mvp\.venv\lib\site-packages\django\template\loader_tags.py", 
line 159, in render
    return compiled_parent._render(context)
  File "C:\dev\iso9001_mvp\.venv\lib\site-packages\django\test\utils.py", line 
114, in instrumented_test_render
    return self.nodelist.render(context)
  File "C:\dev\iso9001_mvp\.venv\lib\site-packages\django\template\base.py", 
line 1018, in render
    return SafeString("".join([node.render_annotated(context) for node in 
self]))
  File "C:\dev\iso9001_mvp\.venv\lib\site-packages\django\template\base.py", 
line 1018, in <listcomp>
    return SafeString("".join([node.render_annotated(context) for node in 
self]))
  File "C:\dev\iso9001_mvp\.venv\lib\site-packages\django\template\base.py", 
line 979, in render_annotated
    return self.render(context)
  File 
"C:\dev\iso9001_mvp\.venv\lib\site-packages\django\template\defaulttags.py", 
line 480, in render
    url = reverse(view_name, args=args, kwargs=kwargs, current_app=current_app)
  File "C:\dev\iso9001_mvp\.venv\lib\site-packages\django\urls\base.py", line 
98, in reverse
    resolved_url = resolver._reverse_with_prefix(view, prefix, *args, **kwargs)
  File "C:\dev\iso9001_mvp\.venv\lib\site-packages\django\urls\resolvers.py", 
line 831, in _reverse_with_prefix
    raise NoReverseMatch(msg)
django.urls.exceptions.NoReverseMatch: Reverse for 'review_list' not found. 
'review_list' is not a valid view function or pattern name.

======================================================================
ERROR: test_library_current_version_attached_to_docs 
(apps.docs.tests.test_library.DocsLibraryViewTests)
Cada documento debe tener current_version cuando tiene APPROVED.
----------------------------------------------------------------------
Traceback (most recent call last):
  File "C:\dev\iso9001_mvp\apps\docs\tests\test_library.py", line 204, in 
test_library_current_version_attached_to_docs
    response = self.client.get(reverse("docs:docs_library"))
  File "C:\dev\iso9001_mvp\.venv\lib\site-packages\django\test\client.py", 
line 1124, in get
    response = super().get(
  File "C:\dev\iso9001_mvp\.venv\lib\site-packages\django\test\client.py", 
line 475, in get
    return self.generic(
  File "C:\dev\iso9001_mvp\.venv\lib\site-packages\django\test\client.py", 
line 671, in generic
    return self.request(**r)
  File "C:\dev\iso9001_mvp\.venv\lib\site-packages\django\test\client.py", 
line 1087, in request
    self.check_exception(response)
  File "C:\dev\iso9001_mvp\.venv\lib\site-packages\django\test\client.py", 
line 802, in check_exception
    raise exc_value
  File "C:\dev\iso9001_mvp\.venv\lib\site-packages\django\core\handlers\excepti
on.py", line 55, in inner
    response = get_response(request)
  File 
"C:\dev\iso9001_mvp\.venv\lib\site-packages\django\core\handlers\base.py", 
line 197, in _get_response
    response = wrapped_callback(request, *callback_args, **callback_kwargs)
  File "C:\dev\iso9001_mvp\.venv\lib\site-packages\django\contrib\auth\decorato
rs.py", line 59, in _view_wrapper
    return view_func(request, *args, **kwargs)
  File "C:\dev\iso9001_mvp\apps\docs\views.py", line 333, in docs_library
    return render(request, 'docs/docs_library.html', context)
  File "C:\dev\iso9001_mvp\.venv\lib\site-packages\django\shortcuts.py", line 
25, in render
    content = loader.render_to_string(template_name, context, request, 
using=using)
  File "C:\dev\iso9001_mvp\.venv\lib\site-packages\django\template\loader.py", 
line 62, in render_to_string
    return template.render(context, request)
  File "C:\dev\iso9001_mvp\.venv\lib\site-packages\django\template\backends\dja
ngo.py", line 107, in render
    return self.template.render(context)
  File "C:\dev\iso9001_mvp\.venv\lib\site-packages\django\template\base.py", 
line 172, in render
    return self._render(context)
  File "C:\dev\iso9001_mvp\.venv\lib\site-packages\django\test\utils.py", line 
114, in instrumented_test_render
    return self.nodelist.render(context)
  File "C:\dev\iso9001_mvp\.venv\lib\site-packages\django\template\base.py", 
line 1018, in render
    return SafeString("".join([node.render_annotated(context) for node in 
self]))
  File "C:\dev\iso9001_mvp\.venv\lib\site-packages\django\template\base.py", 
line 1018, in <listcomp>
    return SafeString("".join([node.render_annotated(context) for node in 
self]))
  File "C:\dev\iso9001_mvp\.venv\lib\site-packages\django\template\base.py", 
line 979, in render_annotated
    return self.render(context)
  File 
"C:\dev\iso9001_mvp\.venv\lib\site-packages\django\template\loader_tags.py", 
line 159, in render
    return compiled_parent._render(context)
  File "C:\dev\iso9001_mvp\.venv\lib\site-packages\django\test\utils.py", line 
114, in instrumented_test_render
    return self.nodelist.render(context)
  File "C:\dev\iso9001_mvp\.venv\lib\site-packages\django\template\base.py", 
line 1018, in render
    return SafeString("".join([node.render_annotated(context) for node in 
self]))
  File "C:\dev\iso9001_mvp\.venv\lib\site-packages\django\template\base.py", 
line 1018, in <listcomp>
    return SafeString("".join([node.render_annotated(context) for node in 
self]))
  File "C:\dev\iso9001_mvp\.venv\lib\site-packages\django\template\base.py", 
line 979, in render_annotated
    return self.render(context)
  File 
"C:\dev\iso9001_mvp\.venv\lib\site-packages\django\template\defaulttags.py", 
line 480, in render
    url = reverse(view_name, args=args, kwargs=kwargs, current_app=current_app)
  File "C:\dev\iso9001_mvp\.venv\lib\site-packages\django\urls\base.py", line 
98, in reverse
    resolved_url = resolver._reverse_with_prefix(view, prefix, *args, **kwargs)
  File "C:\dev\iso9001_mvp\.venv\lib\site-packages\django\urls\resolvers.py", 
line 831, in _reverse_with_prefix
    raise NoReverseMatch(msg)
django.urls.exceptions.NoReverseMatch: Reverse for 'review_list' not found. 
'review_list' is not a valid view function or pattern name.

======================================================================
ERROR: test_library_empty_result 
(apps.docs.tests.test_library.DocsLibraryViewTests)
Cuando no hay resultados, debe mostrar mensaje.
----------------------------------------------------------------------
Traceback (most recent call last):
  File "C:\dev\iso9001_mvp\apps\docs\tests\test_library.py", line 229, in 
test_library_empty_result
    response = self.client.get(
  File "C:\dev\iso9001_mvp\.venv\lib\site-packages\django\test\client.py", 
line 1124, in get
    response = super().get(
  File "C:\dev\iso9001_mvp\.venv\lib\site-packages\django\test\client.py", 
line 475, in get
    return self.generic(
  File "C:\dev\iso9001_mvp\.venv\lib\site-packages\django\test\client.py", 
line 671, in generic
    return self.request(**r)
  File "C:\dev\iso9001_mvp\.venv\lib\site-packages\django\test\client.py", 
line 1087, in request
    self.check_exception(response)
  File "C:\dev\iso9001_mvp\.venv\lib\site-packages\django\test\client.py", 
line 802, in check_exception
    raise exc_value
  File "C:\dev\iso9001_mvp\.venv\lib\site-packages\django\core\handlers\excepti
on.py", line 55, in inner
    response = get_response(request)
  File 
"C:\dev\iso9001_mvp\.venv\lib\site-packages\django\core\handlers\base.py", 
line 197, in _get_response
    response = wrapped_callback(request, *callback_args, **callback_kwargs)
  File "C:\dev\iso9001_mvp\.venv\lib\site-packages\django\contrib\auth\decorato
rs.py", line 59, in _view_wrapper
    return view_func(request, *args, **kwargs)
  File "C:\dev\iso9001_mvp\apps\docs\views.py", line 333, in docs_library
    return render(request, 'docs/docs_library.html', context)
  File "C:\dev\iso9001_mvp\.venv\lib\site-packages\django\shortcuts.py", line 
25, in render
    content = loader.render_to_string(template_name, context, request, 
using=using)
  File "C:\dev\iso9001_mvp\.venv\lib\site-packages\django\template\loader.py", 
line 62, in render_to_string
    return template.render(context, request)
  File "C:\dev\iso9001_mvp\.venv\lib\site-packages\django\template\backends\dja
ngo.py", line 107, in render
    return self.template.render(context)
  File "C:\dev\iso9001_mvp\.venv\lib\site-packages\django\template\base.py", 
line 172, in render
    return self._render(context)
  File "C:\dev\iso9001_mvp\.venv\lib\site-packages\django\test\utils.py", line 
114, in instrumented_test_render
    return self.nodelist.render(context)
  File "C:\dev\iso9001_mvp\.venv\lib\site-packages\django\template\base.py", 
line 1018, in render
    return SafeString("".join([node.render_annotated(context) for node in 
self]))
  File "C:\dev\iso9001_mvp\.venv\lib\site-packages\django\template\base.py", 
line 1018, in <listcomp>
    return SafeString("".join([node.render_annotated(context) for node in 
self]))
  File "C:\dev\iso9001_mvp\.venv\lib\site-packages\django\template\base.py", 
line 979, in render_annotated
    return self.render(context)
  File 
"C:\dev\iso9001_mvp\.venv\lib\site-packages\django\template\loader_tags.py", 
line 159, in render
    return compiled_parent._render(context)
  File "C:\dev\iso9001_mvp\.venv\lib\site-packages\django\test\utils.py", line 
114, in instrumented_test_render
    return self.nodelist.render(context)
  File "C:\dev\iso9001_mvp\.venv\lib\site-packages\django\template\base.py", 
line 1018, in render
    return SafeString("".join([node.render_annotated(context) for node in 
self]))
  File "C:\dev\iso9001_mvp\.venv\lib\site-packages\django\template\base.py", 
line 1018, in <listcomp>
    return SafeString("".join([node.render_annotated(context) for node in 
self]))
  File "C:\dev\iso9001_mvp\.venv\lib\site-packages\django\template\base.py", 
line 979, in render_annotated
    return self.render(context)
  File 
"C:\dev\iso9001_mvp\.venv\lib\site-packages\django\template\defaulttags.py", 
line 480, in render
    url = reverse(view_name, args=args, kwargs=kwargs, current_app=current_app)
  File "C:\dev\iso9001_mvp\.venv\lib\site-packages\django\urls\base.py", line 
98, in reverse
    resolved_url = resolver._reverse_with_prefix(view, prefix, *args, **kwargs)
  File "C:\dev\iso9001_mvp\.venv\lib\site-packages\django\urls\resolvers.py", 
line 831, in _reverse_with_prefix
    raise NoReverseMatch(msg)
django.urls.exceptions.NoReverseMatch: Reverse for 'review_list' not found. 
'review_list' is not a valid view function or pattern name.

======================================================================
ERROR: test_library_filter_by_doc_type 
(apps.docs.tests.test_library.DocsLibraryViewTests)
Debe permitir filtrar por tipo de documento.
----------------------------------------------------------------------
Traceback (most recent call last):
  File "C:\dev\iso9001_mvp\apps\docs\tests\test_library.py", line 188, in 
test_library_filter_by_doc_type
    response = self.client.get(
  File "C:\dev\iso9001_mvp\.venv\lib\site-packages\django\test\client.py", 
line 1124, in get
    response = super().get(
  File "C:\dev\iso9001_mvp\.venv\lib\site-packages\django\test\client.py", 
line 475, in get
    return self.generic(
  File "C:\dev\iso9001_mvp\.venv\lib\site-packages\django\test\client.py", 
line 671, in generic
    return self.request(**r)
  File "C:\dev\iso9001_mvp\.venv\lib\site-packages\django\test\client.py", 
line 1087, in request
    self.check_exception(response)
  File "C:\dev\iso9001_mvp\.venv\lib\site-packages\django\test\client.py", 
line 802, in check_exception
    raise exc_value
  File "C:\dev\iso9001_mvp\.venv\lib\site-packages\django\core\handlers\excepti
on.py", line 55, in inner
    response = get_response(request)
  File 
"C:\dev\iso9001_mvp\.venv\lib\site-packages\django\core\handlers\base.py", 
line 197, in _get_response
    response = wrapped_callback(request, *callback_args, **callback_kwargs)
  File "C:\dev\iso9001_mvp\.venv\lib\site-packages\django\contrib\auth\decorato
rs.py", line 59, in _view_wrapper
    return view_func(request, *args, **kwargs)
  File "C:\dev\iso9001_mvp\apps\docs\views.py", line 333, in docs_library
    return render(request, 'docs/docs_library.html', context)
  File "C:\dev\iso9001_mvp\.venv\lib\site-packages\django\shortcuts.py", line 
25, in render
    content = loader.render_to_string(template_name, context, request, 
using=using)
  File "C:\dev\iso9001_mvp\.venv\lib\site-packages\django\template\loader.py", 
line 62, in render_to_string
    return template.render(context, request)
  File "C:\dev\iso9001_mvp\.venv\lib\site-packages\django\template\backends\dja
ngo.py", line 107, in render
    return self.template.render(context)
  File "C:\dev\iso9001_mvp\.venv\lib\site-packages\django\template\base.py", 
line 172, in render
    return self._render(context)
  File "C:\dev\iso9001_mvp\.venv\lib\site-packages\django\test\utils.py", line 
114, in instrumented_test_render
    return self.nodelist.render(context)
  File "C:\dev\iso9001_mvp\.venv\lib\site-packages\django\template\base.py", 
line 1018, in render
    return SafeString("".join([node.render_annotated(context) for node in 
self]))
  File "C:\dev\iso9001_mvp\.venv\lib\site-packages\django\template\base.py", 
line 1018, in <listcomp>
    return SafeString("".join([node.render_annotated(context) for node in 
self]))
  File "C:\dev\iso9001_mvp\.venv\lib\site-packages\django\template\base.py", 
line 979, in render_annotated
    return self.render(context)
  File 
"C:\dev\iso9001_mvp\.venv\lib\site-packages\django\template\loader_tags.py", 
line 159, in render
    return compiled_parent._render(context)
  File "C:\dev\iso9001_mvp\.venv\lib\site-packages\django\test\utils.py", line 
114, in instrumented_test_render
    return self.nodelist.render(context)
  File "C:\dev\iso9001_mvp\.venv\lib\site-packages\django\template\base.py", 
line 1018, in render
    return SafeString("".join([node.render_annotated(context) for node in 
self]))
  File "C:\dev\iso9001_mvp\.venv\lib\site-packages\django\template\base.py", 
line 1018, in <listcomp>
    return SafeString("".join([node.render_annotated(context) for node in 
self]))
  File "C:\dev\iso9001_mvp\.venv\lib\site-packages\django\template\base.py", 
line 979, in render_annotated
    return self.render(context)
  File 
"C:\dev\iso9001_mvp\.venv\lib\site-packages\django\template\defaulttags.py", 
line 480, in render
    url = reverse(view_name, args=args, kwargs=kwargs, current_app=current_app)
  File "C:\dev\iso9001_mvp\.venv\lib\site-packages\django\urls\base.py", line 
98, in reverse
    resolved_url = resolver._reverse_with_prefix(view, prefix, *args, **kwargs)
  File "C:\dev\iso9001_mvp\.venv\lib\site-packages\django\urls\resolvers.py", 
line 831, in _reverse_with_prefix
    raise NoReverseMatch(msg)
django.urls.exceptions.NoReverseMatch: Reverse for 'review_list' not found. 
'review_list' is not a valid view function or pattern name.

======================================================================
ERROR: test_library_filter_by_process_type 
(apps.docs.tests.test_library.DocsLibraryViewTests)
Debe permitir filtrar por tipo de proceso.
----------------------------------------------------------------------
Traceback (most recent call last):
  File "C:\dev\iso9001_mvp\apps\docs\tests\test_library.py", line 174, in 
test_library_filter_by_process_type
    response = self.client.get(
  File "C:\dev\iso9001_mvp\.venv\lib\site-packages\django\test\client.py", 
line 1124, in get
    response = super().get(
  File "C:\dev\iso9001_mvp\.venv\lib\site-packages\django\test\client.py", 
line 475, in get
    return self.generic(
  File "C:\dev\iso9001_mvp\.venv\lib\site-packages\django\test\client.py", 
line 671, in generic
    return self.request(**r)
  File "C:\dev\iso9001_mvp\.venv\lib\site-packages\django\test\client.py", 
line 1087, in request
    self.check_exception(response)
  File "C:\dev\iso9001_mvp\.venv\lib\site-packages\django\test\client.py", 
line 802, in check_exception
    raise exc_value
  File "C:\dev\iso9001_mvp\.venv\lib\site-packages\django\core\handlers\excepti
on.py", line 55, in inner
    response = get_response(request)
  File 
"C:\dev\iso9001_mvp\.venv\lib\site-packages\django\core\handlers\base.py", 
line 197, in _get_response
    response = wrapped_callback(request, *callback_args, **callback_kwargs)
  File "C:\dev\iso9001_mvp\.venv\lib\site-packages\django\contrib\auth\decorato
rs.py", line 59, in _view_wrapper
    return view_func(request, *args, **kwargs)
  File "C:\dev\iso9001_mvp\apps\docs\views.py", line 333, in docs_library
    return render(request, 'docs/docs_library.html', context)
  File "C:\dev\iso9001_mvp\.venv\lib\site-packages\django\shortcuts.py", line 
25, in render
    content = loader.render_to_string(template_name, context, request, 
using=using)
  File "C:\dev\iso9001_mvp\.venv\lib\site-packages\django\template\loader.py", 
line 62, in render_to_string
    return template.render(context, request)
  File "C:\dev\iso9001_mvp\.venv\lib\site-packages\django\template\backends\dja
ngo.py", line 107, in render
    return self.template.render(context)
  File "C:\dev\iso9001_mvp\.venv\lib\site-packages\django\template\base.py", 
line 172, in render
    return self._render(context)
  File "C:\dev\iso9001_mvp\.venv\lib\site-packages\django\test\utils.py", line 
114, in instrumented_test_render
    return self.nodelist.render(context)
  File "C:\dev\iso9001_mvp\.venv\lib\site-packages\django\template\base.py", 
line 1018, in render
    return SafeString("".join([node.render_annotated(context) for node in 
self]))
  File "C:\dev\iso9001_mvp\.venv\lib\site-packages\django\template\base.py", 
line 1018, in <listcomp>
    return SafeString("".join([node.render_annotated(context) for node in 
self]))
  File "C:\dev\iso9001_mvp\.venv\lib\site-packages\django\template\base.py", 
line 979, in render_annotated
    return self.render(context)
  File 
"C:\dev\iso9001_mvp\.venv\lib\site-packages\django\template\loader_tags.py", 
line 159, in render
    return compiled_parent._render(context)
  File "C:\dev\iso9001_mvp\.venv\lib\site-packages\django\test\utils.py", line 
114, in instrumented_test_render
    return self.nodelist.render(context)
  File "C:\dev\iso9001_mvp\.venv\lib\site-packages\django\template\base.py", 
line 1018, in render
    return SafeString("".join([node.render_annotated(context) for node in 
self]))
  File "C:\dev\iso9001_mvp\.venv\lib\site-packages\django\template\base.py", 
line 1018, in <listcomp>
    return SafeString("".join([node.render_annotated(context) for node in 
self]))
  File "C:\dev\iso9001_mvp\.venv\lib\site-packages\django\template\base.py", 
line 979, in render_annotated
    return self.render(context)
  File 
"C:\dev\iso9001_mvp\.venv\lib\site-packages\django\template\defaulttags.py", 
line 480, in render
    url = reverse(view_name, args=args, kwargs=kwargs, current_app=current_app)
  File "C:\dev\iso9001_mvp\.venv\lib\site-packages\django\urls\base.py", line 
98, in reverse
    resolved_url = resolver._reverse_with_prefix(view, prefix, *args, **kwargs)
  File "C:\dev\iso9001_mvp\.venv\lib\site-packages\django\urls\resolvers.py", 
line 831, in _reverse_with_prefix
    raise NoReverseMatch(msg)
django.urls.exceptions.NoReverseMatch: Reverse for 'review_list' not found. 
'review_list' is not a valid view function or pattern name.

======================================================================
ERROR: test_library_lists_processes_and_documents 
(apps.docs.tests.test_library.DocsLibraryViewTests)
La vista debe mostrar procesos con sus documentos.
----------------------------------------------------------------------
Traceback (most recent call last):
  File "C:\dev\iso9001_mvp\apps\docs\tests\test_library.py", line 143, in 
test_library_lists_processes_and_documents
    response = self.client.get(reverse("docs:docs_library"))
  File "C:\dev\iso9001_mvp\.venv\lib\site-packages\django\test\client.py", 
line 1124, in get
    response = super().get(
  File "C:\dev\iso9001_mvp\.venv\lib\site-packages\django\test\client.py", 
line 475, in get
    return self.generic(
  File "C:\dev\iso9001_mvp\.venv\lib\site-packages\django\test\client.py", 
line 671, in generic
    return self.request(**r)
  File "C:\dev\iso9001_mvp\.venv\lib\site-packages\django\test\client.py", 
line 1087, in request
    self.check_exception(response)
  File "C:\dev\iso9001_mvp\.venv\lib\site-packages\django\test\client.py", 
line 802, in check_exception
    raise exc_value
  File "C:\dev\iso9001_mvp\.venv\lib\site-packages\django\core\handlers\excepti
on.py", line 55, in inner
    response = get_response(request)
  File 
"C:\dev\iso9001_mvp\.venv\lib\site-packages\django\core\handlers\base.py", 
line 197, in _get_response
    response = wrapped_callback(request, *callback_args, **callback_kwargs)
  File "C:\dev\iso9001_mvp\.venv\lib\site-packages\django\contrib\auth\decorato
rs.py", line 59, in _view_wrapper
    return view_func(request, *args, **kwargs)
  File "C:\dev\iso9001_mvp\apps\docs\views.py", line 333, in docs_library
    return render(request, 'docs/docs_library.html', context)
  File "C:\dev\iso9001_mvp\.venv\lib\site-packages\django\shortcuts.py", line 
25, in render
    content = loader.render_to_string(template_name, context, request, 
using=using)
  File "C:\dev\iso9001_mvp\.venv\lib\site-packages\django\template\loader.py", 
line 62, in render_to_string
    return template.render(context, request)
  File "C:\dev\iso9001_mvp\.venv\lib\site-packages\django\template\backends\dja
ngo.py", line 107, in render
    return self.template.render(context)
  File "C:\dev\iso9001_mvp\.venv\lib\site-packages\django\template\base.py", 
line 172, in render
    return self._render(context)
  File "C:\dev\iso9001_mvp\.venv\lib\site-packages\django\test\utils.py", line 
114, in instrumented_test_render
    return self.nodelist.render(context)
  File "C:\dev\iso9001_mvp\.venv\lib\site-packages\django\template\base.py", 
line 1018, in render
    return SafeString("".join([node.render_annotated(context) for node in 
self]))
  File "C:\dev\iso9001_mvp\.venv\lib\site-packages\django\template\base.py", 
line 1018, in <listcomp>
    return SafeString("".join([node.render_annotated(context) for node in 
self]))
  File "C:\dev\iso9001_mvp\.venv\lib\site-packages\django\template\base.py", 
line 979, in render_annotated
    return self.render(context)
  File 
"C:\dev\iso9001_mvp\.venv\lib\site-packages\django\template\loader_tags.py", 
line 159, in render
    return compiled_parent._render(context)
  File "C:\dev\iso9001_mvp\.venv\lib\site-packages\django\test\utils.py", line 
114, in instrumented_test_render
    return self.nodelist.render(context)
  File "C:\dev\iso9001_mvp\.venv\lib\site-packages\django\template\base.py", 
line 1018, in render
    return SafeString("".join([node.render_annotated(context) for node in 
self]))
  File "C:\dev\iso9001_mvp\.venv\lib\site-packages\django\template\base.py", 
line 1018, in <listcomp>
    return SafeString("".join([node.render_annotated(context) for node in 
self]))
  File "C:\dev\iso9001_mvp\.venv\lib\site-packages\django\template\base.py", 
line 979, in render_annotated
    return self.render(context)
  File 
"C:\dev\iso9001_mvp\.venv\lib\site-packages\django\template\defaulttags.py", 
line 480, in render
    url = reverse(view_name, args=args, kwargs=kwargs, current_app=current_app)
  File "C:\dev\iso9001_mvp\.venv\lib\site-packages\django\urls\base.py", line 
98, in reverse
    resolved_url = resolver._reverse_with_prefix(view, prefix, *args, **kwargs)
  File "C:\dev\iso9001_mvp\.venv\lib\site-packages\django\urls\resolvers.py", 
line 831, in _reverse_with_prefix
    raise NoReverseMatch(msg)
django.urls.exceptions.NoReverseMatch: Reverse for 'review_list' not found. 
'review_list' is not a valid view function or pattern name.

======================================================================
ERROR: test_library_preserves_tree_structure 
(apps.docs.tests.test_library.DocsLibraryViewTests)
La estructura jerßrquica de procesos debe preservarse.
----------------------------------------------------------------------
Traceback (most recent call last):
  File "C:\dev\iso9001_mvp\apps\docs\tests\test_library.py", line 242, in 
test_library_preserves_tree_structure
    response = self.client.get(reverse("docs:docs_library"))
  File "C:\dev\iso9001_mvp\.venv\lib\site-packages\django\test\client.py", 
line 1124, in get
    response = super().get(
  File "C:\dev\iso9001_mvp\.venv\lib\site-packages\django\test\client.py", 
line 475, in get
    return self.generic(
  File "C:\dev\iso9001_mvp\.venv\lib\site-packages\django\test\client.py", 
line 671, in generic
    return self.request(**r)
  File "C:\dev\iso9001_mvp\.venv\lib\site-packages\django\test\client.py", 
line 1087, in request
    self.check_exception(response)
  File "C:\dev\iso9001_mvp\.venv\lib\site-packages\django\test\client.py", 
line 802, in check_exception
    raise exc_value
  File "C:\dev\iso9001_mvp\.venv\lib\site-packages\django\core\handlers\excepti
on.py", line 55, in inner
    response = get_response(request)
  File 
"C:\dev\iso9001_mvp\.venv\lib\site-packages\django\core\handlers\base.py", 
line 197, in _get_response
    response = wrapped_callback(request, *callback_args, **callback_kwargs)
  File "C:\dev\iso9001_mvp\.venv\lib\site-packages\django\contrib\auth\decorato
rs.py", line 59, in _view_wrapper
    return view_func(request, *args, **kwargs)
  File "C:\dev\iso9001_mvp\apps\docs\views.py", line 333, in docs_library
    return render(request, 'docs/docs_library.html', context)
  File "C:\dev\iso9001_mvp\.venv\lib\site-packages\django\shortcuts.py", line 
25, in render
    content = loader.render_to_string(template_name, context, request, 
using=using)
  File "C:\dev\iso9001_mvp\.venv\lib\site-packages\django\template\loader.py", 
line 62, in render_to_string
    return template.render(context, request)
  File "C:\dev\iso9001_mvp\.venv\lib\site-packages\django\template\backends\dja
ngo.py", line 107, in render
    return self.template.render(context)
  File "C:\dev\iso9001_mvp\.venv\lib\site-packages\django\template\base.py", 
line 172, in render
    return self._render(context)
  File "C:\dev\iso9001_mvp\.venv\lib\site-packages\django\test\utils.py", line 
114, in instrumented_test_render
    return self.nodelist.render(context)
  File "C:\dev\iso9001_mvp\.venv\lib\site-packages\django\template\base.py", 
line 1018, in render
    return SafeString("".join([node.render_annotated(context) for node in 
self]))
  File "C:\dev\iso9001_mvp\.venv\lib\site-packages\django\template\base.py", 
line 1018, in <listcomp>
    return SafeString("".join([node.render_annotated(context) for node in 
self]))
  File "C:\dev\iso9001_mvp\.venv\lib\site-packages\django\template\base.py", 
line 979, in render_annotated
    return self.render(context)
  File 
"C:\dev\iso9001_mvp\.venv\lib\site-packages\django\template\loader_tags.py", 
line 159, in render
    return compiled_parent._render(context)
  File "C:\dev\iso9001_mvp\.venv\lib\site-packages\django\test\utils.py", line 
114, in instrumented_test_render
    return self.nodelist.render(context)
  File "C:\dev\iso9001_mvp\.venv\lib\site-packages\django\template\base.py", 
line 1018, in render
    return SafeString("".join([node.render_annotated(context) for node in 
self]))
  File "C:\dev\iso9001_mvp\.venv\lib\site-packages\django\template\base.py", 
line 1018, in <listcomp>
    return SafeString("".join([node.render_annotated(context) for node in 
self]))
  File "C:\dev\iso9001_mvp\.venv\lib\site-packages\django\template\base.py", 
line 979, in render_annotated
    return self.render(context)
  File 
"C:\dev\iso9001_mvp\.venv\lib\site-packages\django\template\defaulttags.py", 
line 480, in render
    url = reverse(view_name, args=args, kwargs=kwargs, current_app=current_app)
  File "C:\dev\iso9001_mvp\.venv\lib\site-packages\django\urls\base.py", line 
98, in reverse
    resolved_url = resolver._reverse_with_prefix(view, prefix, *args, **kwargs)
  File "C:\dev\iso9001_mvp\.venv\lib\site-packages\django\urls\resolvers.py", 
line 831, in _reverse_with_prefix
    raise NoReverseMatch(msg)
django.urls.exceptions.NoReverseMatch: Reverse for 'review_list' not found. 
'review_list' is not a valid view function or pattern name.

======================================================================
ERROR: test_library_shows_only_approved_versions 
(apps.docs.tests.test_library.DocsLibraryViewTests)
Solo documentos con versi¾n APPROVED deben mostrarse.
----------------------------------------------------------------------
Traceback (most recent call last):
  File "C:\dev\iso9001_mvp\apps\docs\tests\test_library.py", line 157, in 
test_library_shows_only_approved_versions
    response = self.client.get(reverse("docs:docs_library"))
  File "C:\dev\iso9001_mvp\.venv\lib\site-packages\django\test\client.py", 
line 1124, in get
    response = super().get(
  File "C:\dev\iso9001_mvp\.venv\lib\site-packages\django\test\client.py", 
line 475, in get
    return self.generic(
  File "C:\dev\iso9001_mvp\.venv\lib\site-packages\django\test\client.py", 
line 671, in generic
    return self.request(**r)
  File "C:\dev\iso9001_mvp\.venv\lib\site-packages\django\test\client.py", 
line 1087, in request
    self.check_exception(response)
  File "C:\dev\iso9001_mvp\.venv\lib\site-packages\django\test\client.py", 
line 802, in check_exception
    raise exc_value
  File "C:\dev\iso9001_mvp\.venv\lib\site-packages\django\core\handlers\excepti
on.py", line 55, in inner
    response = get_response(request)
  File 
"C:\dev\iso9001_mvp\.venv\lib\site-packages\django\core\handlers\base.py", 
line 197, in _get_response
    response = wrapped_callback(request, *callback_args, **callback_kwargs)
  File "C:\dev\iso9001_mvp\.venv\lib\site-packages\django\contrib\auth\decorato
rs.py", line 59, in _view_wrapper
    return view_func(request, *args, **kwargs)
  File "C:\dev\iso9001_mvp\apps\docs\views.py", line 333, in docs_library
    return render(request, 'docs/docs_library.html', context)
  File "C:\dev\iso9001_mvp\.venv\lib\site-packages\django\shortcuts.py", line 
25, in render
    content = loader.render_to_string(template_name, context, request, 
using=using)
  File "C:\dev\iso9001_mvp\.venv\lib\site-packages\django\template\loader.py", 
line 62, in render_to_string
    return template.render(context, request)
  File "C:\dev\iso9001_mvp\.venv\lib\site-packages\django\template\backends\dja
ngo.py", line 107, in render
    return self.template.render(context)
  File "C:\dev\iso9001_mvp\.venv\lib\site-packages\django\template\base.py", 
line 172, in render
    return self._render(context)
  File "C:\dev\iso9001_mvp\.venv\lib\site-packages\django\test\utils.py", line 
114, in instrumented_test_render
    return self.nodelist.render(context)
  File "C:\dev\iso9001_mvp\.venv\lib\site-packages\django\template\base.py", 
line 1018, in render
    return SafeString("".join([node.render_annotated(context) for node in 
self]))
  File "C:\dev\iso9001_mvp\.venv\lib\site-packages\django\template\base.py", 
line 1018, in <listcomp>
    return SafeString("".join([node.render_annotated(context) for node in 
self]))
  File "C:\dev\iso9001_mvp\.venv\lib\site-packages\django\template\base.py", 
line 979, in render_annotated
    return self.render(context)
  File 
"C:\dev\iso9001_mvp\.venv\lib\site-packages\django\template\loader_tags.py", 
line 159, in render
    return compiled_parent._render(context)
  File "C:\dev\iso9001_mvp\.venv\lib\site-packages\django\test\utils.py", line 
114, in instrumented_test_render
    return self.nodelist.render(context)
  File "C:\dev\iso9001_mvp\.venv\lib\site-packages\django\template\base.py", 
line 1018, in render
    return SafeString("".join([node.render_annotated(context) for node in 
self]))
  File "C:\dev\iso9001_mvp\.venv\lib\site-packages\django\template\base.py", 
line 1018, in <listcomp>
    return SafeString("".join([node.render_annotated(context) for node in 
self]))
  File "C:\dev\iso9001_mvp\.venv\lib\site-packages\django\template\base.py", 
line 979, in render_annotated
    return self.render(context)
  File 
"C:\dev\iso9001_mvp\.venv\lib\site-packages\django\template\defaulttags.py", 
line 480, in render
    url = reverse(view_name, args=args, kwargs=kwargs, current_app=current_app)
  File "C:\dev\iso9001_mvp\.venv\lib\site-packages\django\urls\base.py", line 
98, in reverse
    resolved_url = resolver._reverse_with_prefix(view, prefix, *args, **kwargs)
  File "C:\dev\iso9001_mvp\.venv\lib\site-packages\django\urls\resolvers.py", 
line 831, in _reverse_with_prefix
    raise NoReverseMatch(msg)
django.urls.exceptions.NoReverseMatch: Reverse for 'review_list' not found. 
'review_list' is not a valid view function or pattern name.

======================================================================
ERROR: test_library_view_loads_successfully 
(apps.docs.tests.test_library.DocsLibraryViewTests)
La vista debe cargar exitosamente.
----------------------------------------------------------------------
Traceback (most recent call last):
  File "C:\dev\iso9001_mvp\apps\docs\tests\test_library.py", line 137, in 
test_library_view_loads_successfully
    response = self.client.get(reverse("docs:docs_library"))
  File "C:\dev\iso9001_mvp\.venv\lib\site-packages\django\test\client.py", 
line 1124, in get
    response = super().get(
  File "C:\dev\iso9001_mvp\.venv\lib\site-packages\django\test\client.py", 
line 475, in get
    return self.generic(
  File "C:\dev\iso9001_mvp\.venv\lib\site-packages\django\test\client.py", 
line 671, in generic
    return self.request(**r)
  File "C:\dev\iso9001_mvp\.venv\lib\site-packages\django\test\client.py", 
line 1087, in request
    self.check_exception(response)
  File "C:\dev\iso9001_mvp\.venv\lib\site-packages\django\test\client.py", 
line 802, in check_exception
    raise exc_value
  File "C:\dev\iso9001_mvp\.venv\lib\site-packages\django\core\handlers\excepti
on.py", line 55, in inner
    response = get_response(request)
  File 
"C:\dev\iso9001_mvp\.venv\lib\site-packages\django\core\handlers\base.py", 
line 197, in _get_response
    response = wrapped_callback(request, *callback_args, **callback_kwargs)
  File "C:\dev\iso9001_mvp\.venv\lib\site-packages\django\contrib\auth\decorato
rs.py", line 59, in _view_wrapper
    return view_func(request, *args, **kwargs)
  File "C:\dev\iso9001_mvp\apps\docs\views.py", line 333, in docs_library
    return render(request, 'docs/docs_library.html', context)
  File "C:\dev\iso9001_mvp\.venv\lib\site-packages\django\shortcuts.py", line 
25, in render
    content = loader.render_to_string(template_name, context, request, 
using=using)
  File "C:\dev\iso9001_mvp\.venv\lib\site-packages\django\template\loader.py", 
line 62, in render_to_string
    return template.render(context, request)
  File "C:\dev\iso9001_mvp\.venv\lib\site-packages\django\template\backends\dja
ngo.py", line 107, in render
    return self.template.render(context)
  File "C:\dev\iso9001_mvp\.venv\lib\site-packages\django\template\base.py", 
line 172, in render
    return self._render(context)
  File "C:\dev\iso9001_mvp\.venv\lib\site-packages\django\test\utils.py", line 
114, in instrumented_test_render
    return self.nodelist.render(context)
  File "C:\dev\iso9001_mvp\.venv\lib\site-packages\django\template\base.py", 
line 1018, in render
    return SafeString("".join([node.render_annotated(context) for node in 
self]))
  File "C:\dev\iso9001_mvp\.venv\lib\site-packages\django\template\base.py", 
line 1018, in <listcomp>
    return SafeString("".join([node.render_annotated(context) for node in 
self]))
  File "C:\dev\iso9001_mvp\.venv\lib\site-packages\django\template\base.py", 
line 979, in render_annotated
    return self.render(context)
  File 
"C:\dev\iso9001_mvp\.venv\lib\site-packages\django\template\loader_tags.py", 
line 159, in render
    return compiled_parent._render(context)
  File "C:\dev\iso9001_mvp\.venv\lib\site-packages\django\test\utils.py", line 
114, in instrumented_test_render
    return self.nodelist.render(context)
  File "C:\dev\iso9001_mvp\.venv\lib\site-packages\django\template\base.py", 
line 1018, in render
    return SafeString("".join([node.render_annotated(context) for node in 
self]))
  File "C:\dev\iso9001_mvp\.venv\lib\site-packages\django\template\base.py", 
line 1018, in <listcomp>
    return SafeString("".join([node.render_annotated(context) for node in 
self]))
  File "C:\dev\iso9001_mvp\.venv\lib\site-packages\django\template\base.py", 
line 979, in render_annotated
    return self.render(context)
  File 
"C:\dev\iso9001_mvp\.venv\lib\site-packages\django\template\defaulttags.py", 
line 480, in render
    url = reverse(view_name, args=args, kwargs=kwargs, current_app=current_app)
  File "C:\dev\iso9001_mvp\.venv\lib\site-packages\django\urls\base.py", line 
98, in reverse
    resolved_url = resolver._reverse_with_prefix(view, prefix, *args, **kwargs)
  File "C:\dev\iso9001_mvp\.venv\lib\site-packages\django\urls\resolvers.py", 
line 831, in _reverse_with_prefix
    raise NoReverseMatch(msg)
django.urls.exceptions.NoReverseMatch: Reverse for 'review_list' not found. 
'review_list' is not a valid view function or pattern name.

======================================================================
ERROR: test_detail_shows_associated_processes 
(apps.docs.tests.test_models.DocumentDetailProcessTests)
----------------------------------------------------------------------
Traceback (most recent call last):
  File "C:\dev\iso9001_mvp\apps\docs\tests\test_models.py", line 74, in 
test_detail_shows_associated_processes
    response = self.client.get(reverse("docs:docs_detail", 
args=[self.document.pk]))
  File "C:\dev\iso9001_mvp\.venv\lib\site-packages\django\test\client.py", 
line 1124, in get
    response = super().get(
  File "C:\dev\iso9001_mvp\.venv\lib\site-packages\django\test\client.py", 
line 475, in get
    return self.generic(
  File "C:\dev\iso9001_mvp\.venv\lib\site-packages\django\test\client.py", 
line 671, in generic
    return self.request(**r)
  File "C:\dev\iso9001_mvp\.venv\lib\site-packages\django\test\client.py", 
line 1087, in request
    self.check_exception(response)
  File "C:\dev\iso9001_mvp\.venv\lib\site-packages\django\test\client.py", 
line 802, in check_exception
    raise exc_value
  File "C:\dev\iso9001_mvp\.venv\lib\site-packages\django\core\handlers\excepti
on.py", line 55, in inner
    response = get_response(request)
  File 
"C:\dev\iso9001_mvp\.venv\lib\site-packages\django\core\handlers\base.py", 
line 197, in _get_response
    response = wrapped_callback(request, *callback_args, **callback_kwargs)
  File "C:\dev\iso9001_mvp\.venv\lib\site-packages\django\contrib\auth\decorato
rs.py", line 59, in _view_wrapper
    return view_func(request, *args, **kwargs)
  File "C:\dev\iso9001_mvp\apps\docs\views.py", line 122, in document_detail
    return render(request, 'docs/document_detail.html', context)
  File "C:\dev\iso9001_mvp\.venv\lib\site-packages\django\shortcuts.py", line 
25, in render
    content = loader.render_to_string(template_name, context, request, 
using=using)
  File "C:\dev\iso9001_mvp\.venv\lib\site-packages\django\template\loader.py", 
line 62, in render_to_string
    return template.render(context, request)
  File "C:\dev\iso9001_mvp\.venv\lib\site-packages\django\template\backends\dja
ngo.py", line 107, in render
    return self.template.render(context)
  File "C:\dev\iso9001_mvp\.venv\lib\site-packages\django\template\base.py", 
line 172, in render
    return self._render(context)
  File "C:\dev\iso9001_mvp\.venv\lib\site-packages\django\test\utils.py", line 
114, in instrumented_test_render
    return self.nodelist.render(context)
  File "C:\dev\iso9001_mvp\.venv\lib\site-packages\django\template\base.py", 
line 1018, in render
    return SafeString("".join([node.render_annotated(context) for node in 
self]))
  File "C:\dev\iso9001_mvp\.venv\lib\site-packages\django\template\base.py", 
line 1018, in <listcomp>
    return SafeString("".join([node.render_annotated(context) for node in 
self]))
  File "C:\dev\iso9001_mvp\.venv\lib\site-packages\django\template\base.py", 
line 979, in render_annotated
    return self.render(context)
  File 
"C:\dev\iso9001_mvp\.venv\lib\site-packages\django\template\loader_tags.py", 
line 159, in render
    return compiled_parent._render(context)
  File "C:\dev\iso9001_mvp\.venv\lib\site-packages\django\test\utils.py", line 
114, in instrumented_test_render
    return self.nodelist.render(context)
  File "C:\dev\iso9001_mvp\.venv\lib\site-packages\django\template\base.py", 
line 1018, in render
    return SafeString("".join([node.render_annotated(context) for node in 
self]))
  File "C:\dev\iso9001_mvp\.venv\lib\site-packages\django\template\base.py", 
line 1018, in <listcomp>
    return SafeString("".join([node.render_annotated(context) for node in 
self]))
  File "C:\dev\iso9001_mvp\.venv\lib\site-packages\django\template\base.py", 
line 979, in render_annotated
    return self.render(context)
  File 
"C:\dev\iso9001_mvp\.venv\lib\site-packages\django\template\defaulttags.py", 
line 480, in render
    url = reverse(view_name, args=args, kwargs=kwargs, current_app=current_app)
  File "C:\dev\iso9001_mvp\.venv\lib\site-packages\django\urls\base.py", line 
98, in reverse
    resolved_url = resolver._reverse_with_prefix(view, prefix, *args, **kwargs)
  File "C:\dev\iso9001_mvp\.venv\lib\site-packages\django\urls\resolvers.py", 
line 831, in _reverse_with_prefix
    raise NoReverseMatch(msg)
django.urls.exceptions.NoReverseMatch: Reverse for 'review_list' not found. 
'review_list' is not a valid view function or pattern name.

======================================================================
FAIL: test_nc_closed_date_auto_set 
(apps.core.tests.NoConformityAutoGenerationTests)
Test que closed_date se llena automßticamente cuando status=CLOSED.
----------------------------------------------------------------------
Traceback (most recent call last):
  File "C:\dev\iso9001_mvp\apps\core\tests.py", line 1424, in 
test_nc_closed_date_auto_set
    self.assertEqual(nc.closed_date, date.today())
AssertionError: datetime.date(2026, 3, 7) != datetime.date(2026, 3, 6)

======================================================================
FAIL: test_closing_sets_closed_at (apps.core.tests.NonconformingOutputTests)
Verifica que al cerrar un PNC se asigna automßticamente closed_at.
----------------------------------------------------------------------
Traceback (most recent call last):
  File "C:\dev\iso9001_mvp\apps\core\tests.py", line 2501, in 
test_closing_sets_closed_at
    self.assertEqual(pnc.closed_at, date.today())
AssertionError: datetime.date(2026, 3, 7) != datetime.date(2026, 3, 6)

----------------------------------------------------------------------
Ran 167 tests in 365.144s

FAILED (failures=2, errors=32)
Destroying test database for alias 'default'...

Found 167 test(s).
System check identified no issues (0 silenced).
Process creados: 35 | actualizados: 0
